Domino's Pizza --> b328 c41 s12
Arbory Bar and Eatery --> b304 c38 s10
Leap's Bakery Cafe --> b320 c40 s11
Best Western Melbourne City --> b408 c51 s12
Hudson's Coffee --> b544 c68 s12
Nando's --> b680 c85 s15
Cafe 34 --> b216 c27 s9
Roule Galette --> b272 c34 s11
Grill'd --> b408 c51 s11
Metro Burgers --> b296 c37 s12
Pastuso --> b288 c36 s12
Bowery to Williamsburg --> b344 c43 s11
Fonda Flinders Lane --> b304 c38 s11
Cecconi's Flinders Lane --> b312 c39 s9
Eastside --> b200 c25 s9
Natural History Bar & Grill --> b376 c47 s11
Robot Sushi & Bar --> b232 c29 s7
Three Drops Espresso --> b664 c83 s12
Allegro Restaurant --> b304 c38 s10
Mrs Singh --> b328 c41 s12
No35 --> b240 c30 s12
Di Stasio Citta --> b408 c51 s12
In Zone Cafe --> b472 c59 s13
Henry & The Fox --> b296 c37 s10
Royal Stacks --> b240 c30 s9
Curry Vault --> b216 c27 s8
Subway --> b688 c86 s17
Syracuse Wine Bar & Restaurant --> b616 c77 s12
Makan --> b256 c32 s12
Hopetoun Tea Rooms --> b360 c45 s12
1932 Cafe & Restaurant --> b288 c36 s12
Doughboys Doughnuts --> b272 c34 s9
Simply Spanish --> b432 c54 s10
Fjord --> b152 c19 s10
Iki-Jime --> b208 c26 s12
In a Rush Espresso --> b424 c53 s11
Laurent Boulangerie Patisserie --> b656 c82 s12
Gordons Cafe & Bar --> b448 c56 s11
VB Rolls --> b184 c23 s11
Da Rin --> b240 c30 s11
Soi 38 --> b264 c33 s12
Mail Exchange Hotel --> b320 c40 s10
Rice Paper Sister --> b544 c68 s12
Dari Korean Café And Bar --> b512 c64 s8
Mumchan --> b176 c22 s9
Triim --> b176 c22 s7
Mercure Welcome Hotel --> b528 c66 s12
Tim Ho Wan --> b240 c30 s10
Mrs Zan's Kitchen --> b328 c41 s11
Wagaya Japanese Restaurant --> b360 c45 s12
Teaser Fengcha --> b304 c38 s11
Udon Izakaya Maedaya --> b432 c54 s12
Rising Embers --> b384 c48 s12
Virgin Active Health Club --> b520 c65 s11
Bar Clara --> b328 c41 s12
Recoleta --> b232 c29 s12
Siglo Bar --> b272 c34 s11
Common Place Coffee Brewers --> b536 c67 s12
Banoi --> b240 c30 s12
Michelangelo --> b176 c22 s6
Hana's Kitchen --> b344 c43 s12
Claypots Barbarossa --> b320 c40 s11
Nelayan --> b200 c25 s10
Dumplings Plus --> b368 c46 s9
Peddler Tuck Shop CBD --> b368 c46 s12
Gami At Healeys - Chicken & Beer --> b488 c61 s11
Mankeumi --> b272 c34 s11
G2 Korean BBQ --> b208 c26 s11
Easy Pot --> b256 c32 s12
Hadware Street Cafe --> b440 c55 s10
Whisky and Alement --> b256 c32 s10
Melbourne Whisky Room --> b680 c85 s12
Bros Sushi --> b320 c40 s12
Coopers Inn --> b240 c30 s10
Standard Coffee --> b360 c45 s11
Goz City --> b184 c23 s9
Kings and Knaves Espresso --> b584 c73 s12
Green Me Yoghurt --> b416 c52 s11
Asian Beer Cafe --> b408 c51 s12
Troika Bar --> b320 c40 s11
Charles LaTrobe Coffee Co --> b424 c53 s12
Druids Cafe --> b216 c27 s10
Cupanda Kitchen --> b400 c50 s11
Tea Bag --> b232 c29 s11
Shujinko Ramen --> b384 c48 s9
Josies Food Bar --> b264 c33 s12
Milk The Cow --> b248 c31 s10
The Heart of Carlton --> b520 c65 s12
Yo-Chi --> b144 c18 s9
Brew Culture --> b256 c32 s9
Sushi Ten --> b296 c37 s11
Calrton Pizzeria Bar and Restaurant --> b520 c65 s12
The Graduate Union of the University of Melbourne --> b824 c103 s12
Don Tojo --> b224 c28 s10
Pepper alley --> b224 c28 s7
Seasons Provedore --> b304 c38 s11
Il Gambero On The Park --> b280 c35 s7
Roberts Italian Restaurant --> b408 c51 s12
Mad Hare --> b280 c35 s11
Briscola Espresso --> b456 c57 s12
Briscola Cafe --> b328 c41 s10
No 1 Delicious Hotpot And Bbq --> b472 c59 s10
Carlton Cafe --> b432 c54 s11
North End Deli --> b320 c40 s12
Sublime cafe --> b408 c51 s12
Kebab Connection --> b264 c33 s10
Hallah --> b224 c28 s11
I Wrap Cafe --> b368 c46 s11
Affinity On Errol --> b400 c50 s11
Katmandu Cottage --> b352 c44 s7
Lukumades --> b312 c39 s12
Soolzip Korean --> b360 c45 s12
Geppetto Trattoria --> b280 c35 s10
Magnolia Court Boutique Hotel --> b432 c54 s11
My Sushi Japanese Cafe --> b296 c37 s11
Sir Osborn --> b376 c47 s12
Victoria's Secret Bar & Cafe --> b592 c74 s12
Mugs Alley --> b248 c31 s12
Shuji Sushi --> b496 c62 s12
Story So Far --> b392 c49 s12
Centro --> b280 c35 s12
Bombini Buzz --> b400 c50 s9
Waterfront (Southgate) --> b392 c49 s12
Lindt --> b264 c33 s12
Ponyfish Island --> b424 c53 s12
Cafe Promenade --> b432 c54 s11
Mad Duck Cafe --> b344 c43 s12
Left Bank Melbourne --> b296 c37 s10
Frankie Walter Peta --> b336 c42 s12
V P R Vietnamese Pork Roll --> b336 c42 s12
Melbourne Public --> b608 c76 s12
Schnitz --> b400 c50 s13
Paris by night --> b312 c39 s11
Saporito Cafe Bar & Grill --> b344 c43 s10
Lisa Bolte dancers'  Lounge --> b400 c50 s11
Gilson --> b224 c28 s12
Alfretti Cafe --> b280 c35 s11
Quality Hotel --> b200 c25 s9
Parkville Store --> b400 c50 s10
McDonalds Royal Children's Hospital --> b624 c78 s12
Teej Cafe --> b216 c27 s10
The Nixon Hotel --> b480 c60 s12
Asuka Sushi --> b264 c33 s12
VinTam's Bakery --> b216 c27 s7
Blended Beard --> b288 c36 s12
Smokestak --> b256 c32 s12
Tap 831 --> b232 c29 s12
Code Black --> b496 c62 s12
Street Kitchen Co --> b280 c35 s9
Chia Chia --> b184 c23 s7
Cafenatics Forte --> b552 c69 s11
Urban Alley Brewery --> b400 c50 s10
Dohtonbori --> b320 c40 s6
Jon Smith Subs Docklands --> b296 c37 s9
Boost Juice Waterfront City --> b376 c47 s10
Yassas --> b192 c24 s12
Bababoi --> b208 c26 s11
Crust Gourmet Pizza Bar Kensington --> b456 c57 s12
Pilgrim Bar --> b232 c29 s10
Beer De Luxe --> b280 c35 s11
Transit Rooftop Bar --> b360 c45 s12
Altius Coffee Brewers --> b504 c63 s12
Flinders Kebab --> b264 c33 s11
Williams Bar Cafe --> b312 c39 s11
Gami Chicken & Beer --> b456 c57 s12
Sushi Hub Elizabeth Street --> b712 c89 s11
Heart Baker Bun Mee --> b464 c58 s10
The Journal Canteen --> b664 c83 s12
Cafe Andiamo --> b496 c62 s12
Seedling Cafe --> b280 c35 s5
Om Nom Kitchen --> b288 c36 s12
The French Brasserie --> b520 c65 s12
Espresso Bar International --> b392 c49 s11
Market Lane Bar --> b336 c42 s7
Sensory Lab --> b344 c43 s11
Midtown Cafe & Catering --> b552 c69 s12
Bistro Du Peuple --> b344 c43 s11
Sofi's Lounge --> b312 c39 s12
Roll'D Collins Place --> b432 c54 s12
Apna Desi Indian Restaurant --> b352 c44 s11
Kantina Kartel --> b296 c37 s12
Dikstein's Corner Bar --> b360 c45 s12
PappaRich 360 Collins --> b440 c55 s12
Cafenatics Equitable Place --> b656 c82 s11
Sushi Hut --> b592 c74 s13
La Creperie Saint- Germain --> b640 c80 s12
Garcon Paris Steakhouse --> b320 c40 s9
Liaision --> b248 c31 s12
Coffee Exchange --> b416 c52 s12
Cafe Felice --> b424 c53 s12
Bar Ampere --> b208 c26 s9
Axil Coffee Roasters --> b744 c93 s11
The Meating House --> b472 c59 s11
Izakaya Den --> b208 c26 s12
Nando's Bourke Street --> b624 c78 s11
Waiters Restaurant --> b288 c36 s11
San Telmo Restaurant --> b352 c44 s12
Hotel Windsor --> b264 c33 s9
Ha Ha Tea --> b224 c28 s12
Kedai Satay --> b280 c35 s12
Crisp Creative Salad --> b352 c44 s12
Sakae --> b256 c32 s12
Dumpling Kingdom --> b520 c65 s12
Little Curry Authentic Cuisine --> b552 c69 s10
Grill'd Healthy Burgers --> b520 c65 s8
Gyoza Gyoza & Momo Shabu Shabu --> b480 c60 s12
Self Preservation --> b320 c40 s11
Arlechin --> b224 c28 s11
Punch Lane Wine Bar/Restaurant --> b424 c53 s12
Bamboo House --> b280 c35 s12
Red Pepper Indian Restaurant --> b824 c103 s10
The Mill --> b440 c55 s11
Il Nostro Posto --> b304 c38 s11
YourThai Rice & Noodle Bar --> b352 c44 s12
Le Charme --> b200 c25 s9
Dragon Hot Pot --> b392 c49 s12
Nam Loong Restaurant --> b280 c35 s10
Korean BBQ Buffet --> b320 c40 s12
Wonton Master --> b280 c35 s12
NANA Australia --> b232 c29 s12
CJ Lunchbar --> b208 c26 s12
Papparich --> b336 c42 s11
Grill'd (QV) --> b472 c59 s12
Uncle 8 --> b144 c18 s8
Sulbing Dessert Bar --> b376 c47 s12
Coco and Joe --> b296 c37 s12
Mad Mex --> b304 c38 s12
Suzi jiro --> b248 c31 s12
Frozen by a Thousand Blessings --> b416 c52 s12
Wonder Bowl --> b192 c24 s8
Tealive --> b240 c30 s9
The League Of Honest Coffee --> b592 c74 s12
The Dispensa --> b432 c54 s11
Smile Bread --> b336 c42 s12
Shuxiang Hot Pot --> b328 c41 s12
The Basement Cafe --> b480 c60 s11
Dear Fry Day --> b272 c34 s11
Blu Point Caffe --> b384 c48 s10
Menya Ramen --> b320 c40 s10
Phancy Catering --> b296 c37 s12
McDonalds --> b472 c59 s12
DDDumplings --> b240 c30 s12
David's Master Pot --> b568 c71 s12
Degani Bakery Cafe --> b696 c87 s12
Tiamo Coffee --> b384 c48 s12
Trotters Bistro --> b296 c37 s11
Donnini's Restaurant --> b384 c48 s12
Bloom Coffee Bar --> b296 c37 s11
Books N Bites Cafe --> b360 c45 s12
Delect A Bowl --> b304 c38 s11
Tabouli --> b200 c25 s12
Thai City Restaurant --> b368 c46 s11
D'Penyetz & D'Cendol --> b456 c57 s11
Tank Fish And Chippery --> b384 c48 s12
Cafe Tre Sette --> b480 c60 s12
Mama Tsai --> b296 c37 s10
A Cafe Called John --> b416 c52 s11
Cream & Crumbs --> b232 c29 s9
Dr Dax Kitchen --> b288 c36 s12
Oriental House --> b272 c34 s12
Joe Taylor --> b232 c29 s12
Salt Seafood and Burger Bar --> b424 c53 s12
Roasting Warehouse --> b328 c41 s11
Classic Curry Company --> b368 c46 s12
Avist Cafe --> b200 c25 s10
Tong Fu Garden Melbourne --> b328 c41 s9
Chimac the Korean Bistro --> b456 c57 s12
Gap Cafe --> b272 c34 s12
Magic Hand Car Wash West Melbourne --> b504 c63 s12
Headquarters Tavern --> b336 c42 s12
Kiwi Tribeca Fish Burger Bar --> b392 c49 s12
Edwin's Cafe --> b240 c30 s12
Giro D’Italia --> b296 c37 s12
Circolo --> b240 c30 s11
Humbaba --> b312 c39 s12
Hophaus --> b224 c28 s10
Red Emperor --> b408 c51 s12
Portside Deli --> b320 c40 s12
Pier 35 Bar & Grill --> b328 c41 s12
Ootoro --> b192 c24 s12
Soho Restaurant & Bar --> b312 c39 s9
Asado Bar y Grill --> b248 c31 s9
Upstanding Citizens --> b440 c55 s12
Common Man --> b336 c42 s7
Jardin Tan --> b208 c26 s10
Super 8 --> b248 c31 s9
Isabella --> b224 c28 s11
Lakeside Bistro And Function Centre --> b480 c60 s12
Melbourne Stadiums Limited --> b520 c65 s10
Harbour Cafe --> b408 c51 s12
Katsu House --> b288 c36 s12
Sergy Boy --> b248 c31 s11
O-Bento --> b168 c21 s12
Platform 28 --> b408 c51 s12
Coffee Gauge --> b368 c46 s11
Indi Hots Indian Restaurant --> b408 c51 s12
Tsukino Snizuku --> b368 c46 s10
Spicy Kitchen Docklands --> b408 c51 s11
Nourish-D --> b240 c30 s11
Solidaire Victoria --> b376 c47 s12
Steakhouse Grill 66 --> b392 c49 s10
Cargo --> b248 c31 s11
All Smiles --> b288 c36 s12
san churro docklands --> b248 c31 s11
Miss Pings Thai Eatery --> b376 c47 s11
Cafe Bourgeois --> b464 c58 s12
Perso --> b224 c28 s11
Melba Social --> b328 c41 s9
Argi --> b216 c27 s12
The Quiet Man Irish Pub --> b456 c57 s10
Nandos Northbank --> b376 c47 s11
Chocolate Buddha --> b320 c40 s11
Delhi Streets --> b256 c32 s8
Punthill Melbourne Northbank / Mini Bar --> b448 c56 s11
Stand Up Cafe --> b216 c27 s6
Kobab --> b208 c26 s12
Degraves Espresso --> b368 c46 s12
The Quarter --> b416 c52 s11
Buddabah --> b240 c30 s12
Earl Canteen --> b432 c54 s12
Pho Nom --> b328 c41 s12
Krispy Kreme --> b256 c32 s12
Little Bean Bambini --> b488 c61 s10
Aix Cafe Creperie Salon --> b336 c42 s12
Miss Siam --> b320 c40 s12
Yuzu Cafe & Cuisine --> b288 c36 s12
Macchiato On Collins --> b328 c41 s10
Koi Koi --> b224 c28 s9
Barbarella Gelato & Wine --> b400 c50 s12
Delhi Rocks --> b376 c47 s12
Market Lane Coffee --> b768 c96 s12
Royal Melbourne Hotel --> b424 c53 s12
Famish'd --> b224 c28 s12
Spin Coffee --> b256 c32 s10
Pok Pok Junior --> b272 c34 s10
Simpsons Chips & Burgers --> b792 c99 s12
The Crafty Squire --> b536 c67 s12
Tsujiri --> b240 c30 s12
Ishizuka --> b160 c20 s8
Gyoza Douraku --> b256 c32 s10
Poked --> b272 c34 s11
Sempre Pizza & Calzone --> b384 c48 s12
Shanghai Master Dumpling --> b496 c62 s12
La Di Da --> b240 c30 s10
Roll'D Vietnamese Kitchen --> b400 c50 s10
Brewer's Place --> b448 c56 s12
The Taste of Korchi City --> b544 c68 s12
Lulu's Char Koay Teow --> b280 c35 s9
Palermo --> b232 c29 s9
Two Peck Crispy Chicken --> b320 c40 s12
The Lab - Nitrogen Gelato --> b448 c56 s9
Musashi Ramen Restaurant --> b352 c44 s12
Tan Hot Pot --> b296 c37 s12
Mrs Parma's --> b248 c31 s10
The European --> b432 c54 s11
District Mot Vietnamese --> b352 c44 s11
Rolling Nori --> b320 c40 s12
Miznon --> b232 c29 s12
Hawker Boys --> b360 c45 s12
China Bar --> b248 c31 s9
Old Crystal Jade Steamboat --> b328 c41 s10
William St Deli --> b360 c45 s12
Ten Square Cafe --> b296 c37 s12
Sizzling Braised Pot Mel --> b288 c36 s7
Gypsy & Pig --> b224 c28 s11
Pretty Boy Italian Steak House --> b560 c70 s7
Gong Cha --> b240 c30 s11
The Mint Bar & Restaurant --> b608 c76 s12
Krimper --> b184 c23 s10
Soul Origin --> b216 c27 s8
Lord of the Fries Melbourne Central --> b672 c84 s11
Rustica --> b176 c22 s12
City Of Melbourne Bowls Club Inc --> b512 c64 s12
The Jazz Corner Cafe --> b536 c67 s12
B Churrasco --> b224 c28 s12
Canton Fast Food --> b256 c32 s8
The Wharf Hotel --> b512 c64 s12
Yarra Dragon --> b224 c28 s11
Toothpicks Cafe --> b328 c41 s12
Adonai Foods --> b232 c29 s11
Cafe Lua --> b424 c53 s11
Cinema Nova --> b336 c42 s11
Sea salt kitchen --> b320 c40 s12
The Vertue of the Coffee Drink --> b560 c70 s12
DOC Espresso --> b256 c32 s11
East Imperial --> b304 c38 s11
Fu Lu Chinese Cafe --> b552 c69 s12
Lanzhou Beef Noodle Bar --> b552 c69 s12
Rice Bar Not Only Rice --> b544 c68 s11
Subway Carlton --> b352 c44 s10
Hwatu --> b208 c26 s12
Cafe Notturno --> b472 c59 s12
Spaghettata Restaurant --> b360 c45 s11
Ziyka Restaurant --> b216 c27 s10
El GIza Bar and Lounge --> b352 c44 s12
Bar Scopa --> b320 c40 s12
Yunique --> b176 c22 s11
Bobby Dre's --> b232 c29 s10
Miami Hotel Melbourne --> b504 c63 s12
Common Ground Coffee --> b624 c78 s12
Don't Tell Charles Coffee & Desserts --> b784 c98 s12
Nikko Sushi Noodle --> b432 c54 s12
Solah --> b240 c30 s11
East Side Story Cafe --> b424 c53 s12
Cafe Lansdowne --> b240 c30 s5
Zouki on the Park --> b248 c31 s12
Treasury Cafe --> b304 c38 s12
The Glasshouse Eatery --> b816 c102 s12
McDonald's --> b424 c53 s11
Ormond Collective --> b264 c33 s11
Pizza Forno --> b272 c34 s12
Teatro --> b264 c33 s12
Gallery Kitchen --> b192 c24 s6
Tutto Bene --> b328 c41 s12
Miyako Japanese Cuisine & Teppanyaki --> b752 c94 s12
Damon Bradley Southgate --> b400 c50 s12
Locale Coffee --> b280 c35 s12
Hooks @ The Yarra --> b352 c44 s6
KFC --> b152 c19 s11
Hopscotch --> b288 c36 s12
Ludlow Bar & Dining Room --> b376 c47 s12
Jiao Zi --> b176 c22 s11
Bluebag Fresh --> b336 c42 s11
Cafe Baci's --> b336 c42 s10
Rockpool Bar & Grill --> b344 c43 s11
Silks --> b232 c29 s11
Akachochin --> b224 c28 s11
Broad Bean Organic Grocer --> b400 c50 s11
Entrecote - Paris Steakhouse & Winebar --> b408 c51 s10
Noughts and Crosses Cafe --> b344 c43 s10
90 Secondi --> b176 c22 s12
That Coffee Corner --> b360 c45 s12
Chilli India --> b328 c41 s11
Sushi & Nori --> b392 c49 s11
Watermark Docklands --> b280 c35 s9
pouring for a purpose --> b256 c32 s11
Southern China Style Cuisine --> b784 c98 s12
Signature Pho Viet --> b624 c78 s12
365 Foodstore Docklands --> b344 c43 s11
Neo Lemonade --> b264 c33 s11
Steakhouse 66 --> b464 c58 s12
Berth Restaurant --> b312 c39 s11
Buffalos Docklands --> b456 c57 s12
Igloo Cafe & St Moritz Bar --> b320 c40 s10
Pud Thai Vs Pho --> b232 c29 s10
Mr Tucker --> b288 c36 s12
Upstanding Citizens Flinders --> b496 c62 s11
Queen's Kebabs --> b240 c30 s12
Hella Good --> b272 c34 s12
Little Cupcakes --> b744 c93 s12
Movida Next Door --> b304 c38 s12
Coda Bar & Restaurant --> b352 c44 s10
The Duke of Wellington --> b552 c69 s12
A Hereford Beefstouw --> b320 c40 s11
Lee Ho Fook --> b288 c36 s12
Cafenatics 367 --> b600 c75 s12
Cafe Vicolino --> b320 c40 s9
Eurolane Cafe --> b232 c29 s12
Tako Sushi Japanses Cafe --> b312 c39 s9
Oda Sushi --> b128 c16 s5
Maccaroni Trattoria Italiana --> b424 c53 s12
Binary 101 --> b296 c37 s12
Southern Xross Kebabs --> b416 c52 s10
Massi --> b248 c31 s12
Bon --> b232 c29 s12
Oh Banh Mi --> b224 c28 s12
Pentolina --> b272 c34 s12
Dodee Paidang Thai Bar And Cafe --> b448 c56 s12
30 Block Place --> b320 c40 s10
Burger Project St. Collins Lane --> b432 c54 s12
Thai Viet --> b312 c39 s10
Verandah Cafe --> b320 c40 s11
Sakura Kaiten Sushi --> b352 c44 s12
The King Hotel --> b472 c59 s12
Chancery Lane --> b264 c33 s10
Gopal's Vegetarian Restaurant --> b432 c54 s12
The Carlton Hotel --> b408 c51 s11
L'Incontro --> b200 c25 s11
Madam Brussels --> b240 c30 s8
Sal's Authentic New York Pizza --> b352 c44 s8
The Grand Trailer Park Taverna --> b464 c58 s8
Back Velvet Coffee --> b288 c36 s10
Lord of the Fries --> b336 c42 s4
Rock the Wok --> b320 c40 s12
Chiki Chiki --> b480 c60 s12
Larder Section --> b504 c63 s12
Kaneda Japanese Restaurant --> b352 c44 s11
Welcome Stranger --> b400 c50 s12
D'Marcos  Espresso Bar --> b328 c41 s11
The Elephant and Wheelbarrow --> b472 c59 s9
Traveller --> b256 c32 s11
Juliet Melbourne --> b232 c29 s11
Princess Theatre --> b272 c34 s11
Brown Alley Night Club / Colonial Hotel --> b424 c53 s8
Schmucks Bagels --> b368 c46 s10
Sool Tong --> b256 c32 s10
Chokolait --> b288 c36 s12
Bar Napoli --> b296 c37 s11
Tina's Noodle Kitchen --> b360 c45 s12
Minh Xuong Seafood & BBQ Restaurant --> b480 c60 s12
Hawker Chan --> b304 c38 s10
Shou Sumiyaki --> b336 c42 s12
Jang Go Mama --> b256 c32 s11
Supagrind --> b312 c39 s12
Benny's Bakery Cafe --> b608 c76 s11
Schnitz QV --> b264 c33 s10
Breadtop Bakery --> b320 c40 s12
Melina on the Rooftop --> b408 c51 s12
Shanxi Street Food --> b392 c49 s12
Degani At Madame Brussels Lane --> b648 c81 s12
Bluebag --> b320 c40 s12
LYNS KITCHEN PTY LTD --> b304 c38 s12
Tao's Asian BBQ Kitchen --> b328 c41 s10
Shortstop Coffee & Donuts --> b400 c50 s11
Biryani House --> b304 c38 s12
Darac Grill & Bar --> b472 c59 s12
GJ's Grill --> b208 c26 s12
Alex Canteen --> b208 c26 s9
Market Espresso & Trolley Hire --> b520 c65 s11
El Rincon --> b296 c37 s12
Roasted@Qvm --> b312 c39 s12
3 Brothersss --> b200 c25 s11
Pork Belly House Melbourne --> b368 c46 s10
Baraonda --> b224 c28 s10
E Dumpling --> b200 c25 s11
University Cafe --> b464 c58 s11
Tiamo 2 --> b264 c33 s9
Masani Italian Dining & Terrace --> b432 c54 s11
Lincoln Bakery Cafe --> b432 c54 s9
Norsiah's Kitchen --> b456 c57 s12
Cafe Cavallino --> b400 c50 s11
Lygon Charcoal Grill & Steakhouse --> b376 c47 s11
Killiney Kopitiam --> b312 c39 s12
Lambs Restaurant --> b224 c28 s7
Il Dolce Freddo --> b288 c36 s11
Toto's Pizza --> b304 c38 s12
Universal Pizza --> b424 c53 s12
127 Cafe Go --> b280 c35 s11
Super Ling --> b368 c46 s12
The Queensberry Pour House --> b608 c76 s12
Mr Bello --> b168 c21 s8
Jang Gun Restaurant --> b384 c48 s12
Pioneer Pizza A --> b288 c36 s11
Papa Guiseppe Pizza & Pasta --> b416 c52 s11
Townhall Hotel North Melbourne --> b392 c49 s10
French Quarter Patisserie --> b320 c40 s9
KL Bunga Raya --> b240 c30 s12
Smile Thai Restaurant --> b352 c44 s10
The Secret Recipe --> b488 c61 s12
Il Duca Restaurant --> b368 c46 s12
Square & Compass --> b280 c35 s11
Beddgood & Co --> b184 c23 s6
Dish / Royce Hotel --> b352 c44 s12
Jarrah Restaurant & Bar --> b352 c44 s12
In a Rush --> b360 c45 s11
Sassone Cucina Italiana --> b344 c43 s11
Lucky Chan's --> b224 c28 s10
Margo's --> b296 c37 s12
Man Tong Kitchen --> b360 c45 s12
Cervo --> b232 c29 s12
Dock 37 Bar & Kitchen --> b328 c41 s10
Mesh --> b192 c24 s10
Dee Casa --> b264 c33 s12
Riverside Skate Park --> b464 c58 s11
The Atlantic Group --> b440 c55 s12
Tea rooms and Terrace Royal Botanic Gardens --> b576 c72 s12
Bacash --> b248 c31 s12
University High School Canteen --> b728 c91 s12
Network Public Bar & Pizzeria --> b424 c53 s12
Spanish Doughnuts --> b424 c53 s10
Red Rooster --> b280 c35 s11
Bito Beans --> b224 c28 s10
Harbour Coffee House --> b320 c40 s8
Hawkers Corner And Krabbys Crab Boil --> b544 c68 s12
Belluno Wine Bar --> b352 c44 s12
Kenny's Bakery Cafe --> b496 c62 s12
Vintams Cafe --> b264 c33 s11
Capri Cafe & Lounge --> b368 c46 s12
Gelatoria On the Docks --> b336 c42 s11
Carl's Jr Docklands --> b416 c52 s12
Fruits of Passion --> b280 c35 s11
Pimm Thai Cafe --> b304 c38 s12
La Tortilleria --> b432 c54 s12
Cheeky Brothers --> b312 c39 s11
Tokyo Maki --> b280 c35 s11
Hunters' Roots --> b296 c37 s12
Pepperoni's --> b360 c45 s11
The Joint Bar --> b408 c51 s10
Pho Kingdom And Cafe --> b304 c38 s9
Maha Restaurant --> b336 c42 s12
Dukes Coffee Roasters --> b344 c43 s12
Platform 270 --> b264 c33 s8
Bullrun --> b192 c24 s10
Bluestone Wine Lounge --> b392 c49 s12
Alluvial Restaurant --> b360 c45 s12
Om Vegetarian --> b328 c41 s10
Ganache Chocolate Lounge --> b416 c52 s12
Pope Joan --> b272 c34 s12
Perk Up Cafe Burger Bar --> b416 c52 s12
Intimo --> b240 c30 s11
Da Guido 365 --> b328 c41 s10
La Belle Miette --> b248 c31 s9
Little Bean Blue --> b648 c81 s12
Saint & Rogue --> b232 c29 s10
Kinship & Co --> b240 c30 s10
Mr Fusion --> b296 c37 s12
Pho Nung Vietnamese Restaurant --> b440 c55 s11
Oli & Levi --> b312 c39 s12
Embla --> b120 c15 s7
Brioche by Phillip --> b368 c46 s12
Tropicana Juice Bar --> b376 c47 s12
Bincho Boss --> b208 c26 s8
Happylemon Chinatown --> b336 c42 s11
SPQR Pizzeria --> b248 c31 s12
Colonial Hotel / Brown Alley Night Club --> b480 c60 s10
Bergerac --> b280 c35 s12
The Essoign Club --> b520 c65 s12
Radar --> b160 c20 s11
Gatboy --> b232 c29 s12
Curry Bowl --> b344 c43 s12
Home Kitchen & Bar --> b312 c39 s12
Father John Cafe --> b264 c33 s11
Anda Cafe --> b144 c18 s7
Gangnam Pocha --> b296 c37 s11
Delicious Asian Cuisines & Pho --> b696 c87 s12
Hash Specialty Coffee --> b360 c45 s12
Hanshin Pocha Melbourne --> b400 c50 s12
Sushi Jiro QV --> b272 c34 s7
Basil With Thyme --> b280 c35 s11
Grounds of Arcadia --> b288 c36 s11
Sam Spade --> b240 c30 s11
365 Food Store & Raw Taste Project --> b512 c64 s12
Top Juice --> b256 c32 s11
Nando's Melbourne Central --> b584 c73 s12
Gotcha Melbourne Central --> b568 c71 s12
D House Cafe --> b240 c30 s12
The Moat Bar & Cafe --> b488 c61 s11
Fraser Place Melbourne --> b336 c42 s11
Aki Sushi --> b240 c30 s12
Lost Angel Bar & Restaurant --> b384 c48 s12
Rice Too Asian Cuisine --> b320 c40 s9
Cherry Lane Fine Foods --> b400 c50 s12
Little Bang Espresso --> b504 c63 s12
The Terrace On Exhibition --> b424 c53 s9
Diner on Franklyn --> b264 c33 s9
Biang Biang Elizabeth --> b312 c39 s10
Plus 852 Cafe --> b336 c42 s12
Nene Chicken --> b288 c36 s12
Market Lane Cafe --> b640 c80 s11
Sarawak Kitchen --> b312 c39 s12
Tang's Spicy Hot Pot --> b344 c43 s11
Hotel Ibis --> b320 c40 s11
Dumpling ADA --> b360 c45 s11
Vincent The Dog --> b328 c41 s12
Gemma Simple Italian --> b352 c44 s12
St. Charly --> b264 c33 s12
Carlton Yacht Club Bar --> b528 c66 s12
Haymarket Place --> b280 c35 s11
XD Fresh --> b176 c22 s12
Tutto Premium Frozen Yogurt And Dessert --> b472 c59 s10
Flavours of Indus --> b304 c38 s12
Wokks --> b200 c25 s12
Chinger Biang Biang Noodle --> b456 c57 s12
Carlton Megabytes --> b472 c59 s11
Egg Sake Bistro --> b232 c29 s10
Professor Walk Cafe --> b312 c39 s12
Beatrix Cafe --> b256 c32 s12
Big Bang Yogurt --> b320 c40 s12
Court House Hotel --> b328 c41 s12
Mork Chocolate --> b272 c34 s11
The Castle Hotel --> b392 c49 s6
So Thai --> b232 c29 s11
Chickilia --> b304 c38 s11
Hungry Jack's --> b248 c31 s10
Pokapoka Japanese Restaurant --> b464 c58 s12
Freeo's --> b248 c31 s12
Park Hyatt Melbourne --> b416 c52 s12
Nar Bangkok --> b312 c39 s10
Tokyo Sushi Kitchen --> b416 c52 s12
A Treat of France --> b376 c47 s9
Human Beans --> b200 c25 s8
The Deck --> b440 c55 s12
Designed For Livin --> b288 c36 s10
Hudsons Coffee Port Melbourne --> b512 c64 s11
Belgian Beer Cafe Melbourne --> b608 c76 s11
Cote Terra Adicion --> b320 c40 s11
Powered by Cote Terra --> b336 c42 s11
Nobu Melbourne --> b304 c38 s12
Emporio Pizza & Pasta --> b320 c40 s11
SHO Noodles --> b208 c26 s11
Boho --> b232 c29 s12
Meat Market South Wharf --> b344 c43 s11
Plus 5 --> b240 c30 s11
BangPop --> b224 c28 s11
Sopranos --> b256 c32 s11
Alf's Cafe --> b288 c36 s12
Aruba Espresso Cafe --> b328 c41 s12
Degani @ Southern Cross Station --> b424 c53 s9
Coffee n' all Customs House --> b512 c64 s12
Peppers Docklands Hotel --> b480 c60 s12
Ilza --> b208 c26 s11
Ibean --> b184 c23 s12
Espresso Alto --> b368 c46 s12
11 Inch Pizzeria Docklands --> b304 c38 s10
De Mad Hatter --> b296 c37 s12
Off With the Ferries --> b288 c36 s11
Billy Barista --> b280 c35 s11
The Other Brother --> b488 c61 s12
Sori Cafe --> b288 c36 s12
Food Hall --> b248 c31 s12
Grain Store --> b296 c37 s11
Sushi Lian --> b392 c49 s12
The Organic Food & Wine Deli --> b392 c49 s7
Spanish Doughnuts El Churro Cafe --> b512 c64 s9
Swanston Halal Food Centre --> b328 c41 s10
The Adelphi Hotel --> b368 c46 s11
Eau-De-Vie --> b224 c28 s11
Virgin Active Health Club Collins Street --> b616 c77 s10
Tian38 --> b248 c31 s11
The Soup Place --> b416 c52 s11
Howitt House --> b256 c32 s11
Henry and the Fox --> b376 c47 s12
Melbourne Savage Club --> b664 c83 s12
Little Brother Kitchen & Bar --> b584 c73 s11
Momo Central --> b224 c28 s10
Hudsons Elizabeth Street --> b512 c64 s12
Five Points Cafe --> b272 c34 s12
The Commercial Bakery --> b520 c65 s11
Neapoli Wine Bar --> b304 c38 s12
Straight Outta Saigon --> b400 c50 s12
Lighthouse Cafe / The Salvation Army (Victoria) Property Trust --> b664 c83 s11
Shanghai Shifu Dumpling --> b400 c50 s9
Hilton Melbourne Little Queen Street --> b424 c53 s11
Korchi City --> b248 c31 s11
Corner & Bench --> b312 c39 s12
Westlake Restaurant --> b312 c39 s12
FM Karaoke Bar --> b200 c25 s9
Flower Drum --> b184 c23 s8
Isan Soul Thai Street Food --> b408 c51 s12
David's Spicy Pot --> b328 c41 s10
City Wine Shop --> b248 c31 s8
Glory Cakes --> b184 c23 s8
Noodle Lab --> b200 c25 s9
Speck Cafe --> b288 c36 s12
Little Ramen Bar --> b424 c53 s11
Xinjiang Lamian Restaurant --> b296 c37 s10
A25 Pizzeria --> b248 c31 s12
Mao Please --> b248 c31 s10
Yamato Japanese Restaurant --> b344 c43 s12
Empress of China --> b304 c38 s12
Heartbreaker --> b312 c39 s11
Cafe Le Petite Bourke Patisserie --> b608 c76 s11
Sunda --> b240 c30 s11
House Blend --> b280 c35 s12
Red Cliff Chinese Restaurant --> b392 c49 s10
Hanaichi --> b240 c30 s10
Foglia Di Fico --> b280 c35 s12
Perch Cafe --> b240 c30 s10
Qipo Hot Pot --> b208 c26 s12
Fourteen on 10 --> b232 c29 s10
Reverie Cafe --> b272 c34 s12
Cupcake Central --> b312 c39 s11
Guzman Y Gomez Swanston Street --> b384 c48 s12
Mr Kitchen --> b272 c34 s11
Vanilla Bean --> b232 c29 s12
Gami Training Centre --> b344 c43 s10
Tigerous Espresso --> b344 c43 s12
Little Chef --> b512 c64 s12
Operator 25 --> b200 c25 s10
Klik Cafe --> b208 c26 s11
Damiao Panda Fan --> b424 c53 s11
Pearson and Murphy's Cafe --> b344 c43 s10
Pelicana Fried Chicken And Beer --> b424 c53 s11
No 1 Delicious --> b368 c46 s11
South Melbourne Dim Sims Pty Ltd --> b552 c69 s12
Market Kebab Cafe --> b512 c64 s12
Le Miel Et Le Lune --> b360 c45 s12
Bossa Nova Coffee And Friends --> b432 c54 s12
Pagla --> b184 c23 s12
Doc Pizza & Mozarella Bar --> b400 c50 s12
Mantra Lounge --> b336 c42 s12
Mixity Restaurant and Cafe --> b336 c42 s9
Nasi Lemak House --> b320 c40 s12
Little Lygon Restaurant --> b592 c74 s12
Arabesque --> b240 c30 s12
Flovie Florist Cafe --> b344 c43 s12
Tuantuan Chinese Brasserie --> b360 c45 s11
University House Club --> b376 c47 s10
The Ida Bar --> b408 c51 s11
New Lanna Thai --> b208 c26 s8
Butcher Shop Cafe --> b280 c35 s11
Kensington Canteen --> b264 c33 s9
Hatchd Chicken --> b280 c35 s11
Hotel Pullman on The Park --> b528 c66 s12
Delisure Kitchen --> b368 c46 s12
The Cupcake Queens --> b440 c55 s10
Calla & Gardenia The Florist --> b432 c54 s11
Slater St Bench --> b272 c34 s11
Moody Brew Coffee Bar --> b352 c44 s12
Spudbar @ Chevron --> b328 c41 s12
Malthouse Cafe --> b304 c38 s11
La Camera --> b328 c41 s12
Commodity Cafe --> b400 c50 s12
Bonnie & Duke Cafe --> b328 c41 s11
Workshop Brothers --> b256 c32 s11
DOC Southbank --> b304 c38 s12
Crown Entertainment Complex --> b384 c48 s11
Southside Coffee Co --> b400 c50 s12
Domain Brasserie --> b312 c39 s11
Bistro Gitan --> b376 c47 s12
Cafe Alfretti --> b456 c57 s12
Simply Indian --> b400 c50 s12
Noulboo --> b280 c35 s12
On The Grind Melbourne --> b304 c38 s11
Ginger Leaf Thai Restaurant --> b376 c47 s11
Gokotta Kaffe --> b296 c37 s12
Grain & Vine on Merchant --> b448 c56 s12
Caffe Bambino Docklands --> b440 c55 s12
Sir Basil Café & Restaurant --> b472 c59 s12
Humble Cafe --> b312 c39 s12
Luncheonette Cafe --> b288 c36 s12
