Domino's Pizza --> b112 c15 s1
Arbory Bar and Eatery --> b168 c22 s1
