Domino's Pizza --> 1
Arbory Bar and Eatery --> 1
Leap's Bakery Cafe --> 1
Best Western Melbourne City --> 1
Hudson's Coffee --> 3
Nando's --> 6
Cafe 34 --> 1
Roule Galette --> 1
Grill'd --> 2
Metro Burgers --> 1
Pastuso --> 2
Bowery to Williamsburg --> 1
Fonda Flinders Lane --> 1
Cecconi's Flinders Lane --> 1
Eastside --> 1
Natural History Bar & Grill --> 1
Robot Sushi & Bar --> 1
Three Drops Espresso --> 3
Allegro Restaurant --> 1
Mrs Singh --> 1
No35 --> 2
Di Stasio Citta --> 2
In Zone Cafe --> 3
Henry & The Fox --> 1
Royal Stacks --> 1
Curry Vault --> 1
Subway --> 9
Syracuse Wine Bar & Restaurant --> 2
Makan --> 1
Hopetoun Tea Rooms --> 1
1932 Cafe & Restaurant --> 1
Doughboys Doughnuts --> 1
Simply Spanish --> 2
Fjord --> 1
Iki-Jime --> 1
In a Rush Espresso --> 1
Laurent Boulangerie Patisserie --> 2
Gordons Cafe & Bar --> 2
VB Rolls --> 1
Da Rin --> 1
Soi 38 --> 1
Mail Exchange Hotel --> 1
Rice Paper Sister --> 2
Dari Korean CafÃ© And Bar --> 2
Mumchan --> 1
Triim --> 2
Mercure Welcome Hotel --> 2
Tim Ho Wan --> 1
Mrs Zan's Kitchen --> 1
Wagaya Japanese Restaurant --> 1
Teaser Fengcha --> 1
Udon Izakaya Maedaya --> 2
Rising Embers --> 2
Virgin Active Health Club --> 1
Bar Clara --> 1
Recoleta --> 1
Siglo Bar --> 1
Common Place Coffee Brewers --> 1
Banoi --> 1
Michelangelo --> 1
Hana's Kitchen --> 1
Claypots Barbarossa --> 1
Nelayan --> 1
Dumplings Plus --> 2
Peddler Tuck Shop CBD --> 1
Gami At Healeys - Chicken & Beer --> 1
Mankeumi --> 1
G2 Korean BBQ --> 1
Easy Pot --> 1
Hadware Street Cafe --> 2
Whisky and Alement --> 1
Melbourne Whisky Room --> 2
Bros Sushi --> 1
Coopers Inn --> 1
Standard Coffee --> 1
Goz City --> 1
Kings and Knaves Espresso --> 2
Green Me Yoghurt --> 2
Asian Beer Cafe --> 2
Troika Bar --> 2
Charles LaTrobe Coffee Co --> 1
Druids Cafe --> 1
Cupanda Kitchen --> 2
Tea Bag --> 1
Shujinko Ramen --> 2
Josies Food Bar --> 1
Milk The Cow --> 1
The Heart of Carlton --> 1
Yo-Chi --> 1
Brew Culture --> 1
Sushi Ten --> 1
Calrton Pizzeria Bar and Restaurant --> 1
The Graduate Union of the University of Melbourne --> 1
Don Tojo --> 1
Pepper alley --> 1
Seasons Provedore --> 1
Il Gambero On The Park --> 1
Roberts Italian Restaurant --> 1
Mad Hare --> 1
Briscola Espresso --> 1
Briscola Cafe --> 1
No 1 Delicious Hotpot And Bbq --> 1
Carlton Cafe --> 2
North End Deli --> 1
Sublime cafe --> 2
Kebab Connection --> 1
Hallah --> 1
I Wrap Cafe --> 3
Affinity On Errol --> 2
Katmandu Cottage --> 2
Lukumades --> 2
Soolzip Korean --> 1
Geppetto Trattoria --> 1
Magnolia Court Boutique Hotel --> 1
My Sushi Japanese Cafe --> 1
Sir Osborn --> 2
Victoria's Secret Bar & Cafe --> 2
Mugs Alley --> 1
Shuji Sushi --> 3
Story So Far --> 2
Centro --> 2
Bombini Buzz --> 3
Waterfront (Southgate) --> 1
Lindt --> 1
Ponyfish Island --> 2
Cafe Promenade --> 1
Mad Duck Cafe --> 1
Left Bank Melbourne --> 1
Frankie Walter Peta --> 1
V P R Vietnamese Pork Roll --> 1
Melbourne Public --> 2
Schnitz --> 3
Paris by night --> 1
Saporito Cafe Bar & Grill --> 1
Lisa Bolte dancers'  Lounge --> 1
Gilson --> 1
Alfretti Cafe --> 1
Quality Hotel --> 1
Parkville Store --> 2
McDonalds Royal Children's Hospital --> 1
Teej Cafe --> 1
The Nixon Hotel --> 1
Asuka Sushi --> 1
VinTam's Bakery --> 1
Blended Beard --> 1
Smokestak --> 1
Tap 831 --> 1
Code Black --> 4
Street Kitchen Co --> 1
Chia Chia --> 1
Cafenatics Forte --> 2
Urban Alley Brewery --> 2
Dohtonbori --> 3
Jon Smith Subs Docklands --> 1
Boost Juice Waterfront City --> 1
Yassas --> 1
Bababoi --> 1
Crust Gourmet Pizza Bar Kensington --> 1
Pilgrim Bar --> 1
Beer De Luxe --> 1
Transit Rooftop Bar --> 1
Altius Coffee Brewers --> 2
Flinders Kebab --> 1
Williams Bar Cafe --> 1
Gami Chicken & Beer --> 1
Sushi Hub Elizabeth Street --> 2
Heart Baker Bun Mee --> 2
The Journal Canteen --> 2
Cafe Andiamo --> 2
Seedling Cafe --> 2
Om Nom Kitchen --> 1
The French Brasserie --> 1
Espresso Bar International --> 1
Market Lane Bar --> 1
Sensory Lab --> 2
Midtown Cafe & Catering --> 2
Bistro Du Peuple --> 1
Sofi's Lounge --> 1
Roll'D Collins Place --> 1
Apna Desi Indian Restaurant --> 1
Kantina Kartel --> 1
Dikstein's Corner Bar --> 1
PappaRich 360 Collins --> 1
Cafenatics Equitable Place --> 1
Sushi Hut --> 3
La Creperie Saint- Germain --> 2
Garcon Paris Steakhouse --> 1
Liaision --> 1
Coffee Exchange --> 1
Cafe Felice --> 1
Bar Ampere --> 1
Axil Coffee Roasters --> 4
The Meating House --> 1
Izakaya Den --> 1
Nando's Bourke Street --> 2
Waiters Restaurant --> 1
San Telmo Restaurant --> 1
Hotel Windsor --> 1
Ha Ha Tea --> 1
Kedai Satay --> 1
Crisp Creative Salad --> 1
Sakae --> 2
Dumpling Kingdom --> 1
Little Curry Authentic Cuisine --> 1
Grill'd Healthy Burgers --> 2
Gyoza Gyoza & Momo Shabu Shabu --> 1
Self Preservation --> 1
Arlechin --> 1
Punch Lane Wine Bar/Restaurant --> 1
Bamboo House --> 1
Red Pepper Indian Restaurant --> 3
The Mill --> 2
Il Nostro Posto --> 1
YourThai Rice & Noodle Bar --> 1
Le Charme --> 1
Dragon Hot Pot --> 2
Nam Loong Restaurant --> 1
Korean BBQ Buffet --> 1
Wonton Master --> 1
NANA Australia --> 1
CJ Lunchbar --> 1
Papparich --> 2
Grill'd (QV) --> 1
Uncle 8 --> 1
Sulbing Dessert Bar --> 1
Coco and Joe --> 1
Mad Mex --> 1
Suzi jiro --> 1
Frozen by a Thousand Blessings --> 1
Wonder Bowl --> 1
Tealive --> 2
The League Of Honest Coffee --> 1
The Dispensa --> 1
Smile Bread --> 1
Shuxiang Hot Pot --> 1
The Basement Cafe --> 2
Dear Fry Day --> 1
Blu Point Caffe --> 2
Menya Ramen --> 2
Phancy Catering --> 1
McDonalds --> 2
DDDumplings --> 1
David's Master Pot --> 2
Degani Bakery Cafe --> 3
Tiamo Coffee --> 1
Trotters Bistro --> 1
Donnini's Restaurant --> 1
Bloom Coffee Bar --> 1
Books N Bites Cafe --> 1
Delect A Bowl --> 1
Tabouli --> 1
Thai City Restaurant --> 1
D'Penyetz & D'Cendol --> 2
Tank Fish And Chippery --> 1
Cafe Tre Sette --> 1
Mama Tsai --> 2
A Cafe Called John --> 2
Cream & Crumbs --> 1
Dr Dax Kitchen --> 1
Oriental House --> 1
Joe Taylor --> 1
Salt Seafood and Burger Bar --> 1
Roasting Warehouse --> 1
Classic Curry Company --> 1
Avist Cafe --> 1
Tong Fu Garden Melbourne --> 1
Chimac the Korean Bistro --> 1
Gap Cafe --> 1
Magic Hand Car Wash West Melbourne --> 1
Headquarters Tavern --> 1
Kiwi Tribeca Fish Burger Bar --> 1
Edwin's Cafe --> 1
Giro Dâ€™Italia --> 1
Circolo --> 1
Humbaba --> 2
Hophaus --> 1
Red Emperor --> 2
Portside Deli --> 1
Pier 35 Bar & Grill --> 1
Ootoro --> 1
Soho Restaurant & Bar --> 1
Asado Bar y Grill --> 1
Upstanding Citizens --> 1
Common Man --> 2
Jardin Tan --> 1
Super 8 --> 1
Isabella --> 1
Lakeside Bistro And Function Centre --> 1
Melbourne Stadiums Limited --> 1
Harbour Cafe --> 1
Katsu House --> 1
Sergy Boy --> 1
O-Bento --> 1
Platform 28 --> 1
Coffee Gauge --> 1
Indi Hots Indian Restaurant --> 1
Tsukino Snizuku --> 2
Spicy Kitchen Docklands --> 1
Nourish-D --> 1
Solidaire Victoria --> 1
Steakhouse Grill 66 --> 1
Cargo --> 1
All Smiles --> 1
san churro docklands --> 1
Miss Pings Thai Eatery --> 1
Cafe Bourgeois --> 1
Perso --> 1
Melba Social --> 2
Argi --> 1
The Quiet Man Irish Pub --> 1
Nandos Northbank --> 1
Chocolate Buddha --> 1
Delhi Streets --> 1
Punthill Melbourne Northbank / Mini Bar --> 1
Stand Up Cafe --> 1
Kobab --> 1
Degraves Espresso --> 1
The Quarter --> 1
Buddabah --> 1
Earl Canteen --> 3
Pho Nom --> 1
Krispy Kreme --> 1
Little Bean Bambini --> 1
Aix Cafe Creperie Salon --> 1
Miss Siam --> 1
Yuzu Cafe & Cuisine --> 1
Macchiato On Collins --> 1
Koi Koi --> 2
Barbarella Gelato & Wine --> 1
Delhi Rocks --> 1
Market Lane Coffee --> 3
Royal Melbourne Hotel --> 1
Famish'd --> 1
Spin Coffee --> 1
Pok Pok Junior --> 1
Simpsons Chips & Burgers --> 3
The Crafty Squire --> 1
Tsujiri --> 1
Ishizuka --> 1
Gyoza Douraku --> 1
Poked --> 3
Sempre Pizza & Calzone --> 1
Shanghai Master Dumpling --> 1
La Di Da --> 1
Roll'D Vietnamese Kitchen --> 1
Brewer's Place --> 2
The Taste of Korchi City --> 1
Lulu's Char Koay Teow --> 1
Palermo --> 2
Two Peck Crispy Chicken --> 1
The Lab - Nitrogen Gelato --> 1
Musashi Ramen Restaurant --> 1
Tan Hot Pot --> 1
Mrs Parma's --> 1
The European --> 1
District Mot Vietnamese --> 1
Rolling Nori --> 1
Miznon --> 1
Hawker Boys --> 1
China Bar --> 1
Old Crystal Jade Steamboat --> 1
William St Deli --> 1
Ten Square Cafe --> 1
Sizzling Braised Pot Mel --> 1
Gypsy & Pig --> 1
Pretty Boy Italian Steak House --> 2
Gong Cha --> 1
The Mint Bar & Restaurant --> 1
Krimper --> 1
Soul Origin --> 1
Lord of the Fries Melbourne Central --> 1
Rustica --> 1
City Of Melbourne Bowls Club Inc --> 1
The Jazz Corner Cafe --> 1
B Churrasco --> 1
Canton Fast Food --> 1
The Wharf Hotel --> 2
Yarra Dragon --> 1
Toothpicks Cafe --> 1
Adonai Foods --> 1
Cafe Lua --> 2
Cinema Nova --> 2
Sea salt kitchen --> 1
The Vertue of the Coffee Drink --> 1
DOC Espresso --> 1
East Imperial --> 1
Fu Lu Chinese Cafe --> 3
Lanzhou Beef Noodle Bar --> 2
Rice Bar Not Only Rice --> 2
Subway Carlton --> 1
Hwatu --> 2
Cafe Notturno --> 1
Spaghettata Restaurant --> 1
Ziyka Restaurant --> 1
El GIza Bar and Lounge --> 1
Bar Scopa --> 1
Yunique --> 1
Bobby Dre's --> 1
Miami Hotel Melbourne --> 2
Common Ground Coffee --> 2
Don't Tell Charles Coffee & Desserts --> 2
Nikko Sushi Noodle --> 2
Solah --> 1
East Side Story Cafe --> 1
Cafe Lansdowne --> 1
Zouki on the Park --> 1
Treasury Cafe --> 1
The Glasshouse Eatery --> 3
McDonald's --> 3
Ormond Collective --> 1
Pizza Forno --> 1
Teatro --> 1
Gallery Kitchen --> 1
Tutto Bene --> 1
Miyako Japanese Cuisine & Teppanyaki --> 2
Damon Bradley Southgate --> 1
Locale Coffee --> 1
Hooks @ The Yarra --> 2
KFC --> 2
Hopscotch --> 1
Ludlow Bar & Dining Room --> 1
Jiao Zi --> 1
Bluebag Fresh --> 1
Cafe Baci's --> 1
Rockpool Bar & Grill --> 1
Silks --> 1
Akachochin --> 1
Broad Bean Organic Grocer --> 1
Entrecote - Paris Steakhouse & Winebar --> 1
Noughts and Crosses Cafe --> 1
90 Secondi --> 1
That Coffee Corner --> 1
Chilli India --> 1
Sushi & Nori --> 1
Watermark Docklands --> 1
pouring for a purpose --> 1
Southern China Style Cuisine --> 2
Signature Pho Viet --> 3
365 Foodstore Docklands --> 1
Neo Lemonade --> 1
Steakhouse 66 --> 1
Berth Restaurant --> 1
Buffalos Docklands --> 2
Igloo Cafe & St Moritz Bar --> 1
Pud Thai Vs Pho --> 1
Mr Tucker --> 1
Upstanding Citizens Flinders --> 1
Queen's Kebabs --> 1
Hella Good --> 1
Little Cupcakes --> 4
Movida Next Door --> 1
Coda Bar & Restaurant --> 1
The Duke of Wellington --> 1
A Hereford Beefstouw --> 1
Lee Ho Fook --> 1
Cafenatics 367 --> 1
Cafe Vicolino --> 1
Eurolane Cafe --> 1
Tako Sushi Japanses Cafe --> 1
Oda Sushi --> 1
Maccaroni Trattoria Italiana --> 1
Binary 101 --> 1
Southern Xross Kebabs --> 1
Massi --> 1
Bon --> 1
Oh Banh Mi --> 1
Pentolina --> 1
Dodee Paidang Thai Bar And Cafe --> 1
30 Block Place --> 2
Burger Project St. Collins Lane --> 1
Thai Viet --> 2
Verandah Cafe --> 2
Sakura Kaiten Sushi --> 1
The King Hotel --> 1
Chancery Lane --> 1
Gopal's Vegetarian Restaurant --> 1
The Carlton Hotel --> 1
L'Incontro --> 1
Madam Brussels --> 1
Sal's Authentic New York Pizza --> 1
The Grand Trailer Park Taverna --> 1
Back Velvet Coffee --> 1
Lord of the Fries --> 1
Rock the Wok --> 1
Chiki Chiki --> 3
Larder Section --> 3
Kaneda Japanese Restaurant --> 1
Welcome Stranger --> 2
D'Marcos  Espresso Bar --> 1
The Elephant and Wheelbarrow --> 1
Traveller --> 1
Juliet Melbourne --> 1
Princess Theatre --> 1
Brown Alley Night Club / Colonial Hotel --> 1
Schmucks Bagels --> 2
Sool Tong --> 1
Chokolait --> 1
Bar Napoli --> 1
Tina's Noodle Kitchen --> 1
Minh Xuong Seafood & BBQ Restaurant --> 1
Hawker Chan --> 1
Shou Sumiyaki --> 1
Jang Go Mama --> 1
Supagrind --> 1
Benny's Bakery Cafe --> 3
Schnitz QV --> 1
Breadtop Bakery --> 1
Melina on the Rooftop --> 1
Shanxi Street Food --> 1
Degani At Madame Brussels Lane --> 1
Bluebag --> 1
LYNS KITCHEN PTY LTD --> 1
Tao's Asian BBQ Kitchen --> 1
Shortstop Coffee & Donuts --> 1
Biryani House --> 1
Darac Grill & Bar --> 2
GJ's Grill --> 1
Alex Canteen --> 1
Market Espresso & Trolley Hire --> 1
El Rincon --> 2
Roasted@Qvm --> 1
3 Brothersss --> 1
Pork Belly House Melbourne --> 1
Baraonda --> 1
E Dumpling --> 1
University Cafe --> 1
Tiamo 2 --> 2
Masani Italian Dining & Terrace --> 1
Lincoln Bakery Cafe --> 2
Norsiah's Kitchen --> 2
Cafe Cavallino --> 1
Lygon Charcoal Grill & Steakhouse --> 1
Killiney Kopitiam --> 1
Lambs Restaurant --> 1
Il Dolce Freddo --> 1
Toto's Pizza --> 1
Universal Pizza --> 1
127 Cafe Go --> 2
Super Ling --> 1
The Queensberry Pour House --> 1
Mr Bello --> 1
Jang Gun Restaurant --> 1
Pioneer Pizza A --> 1
Papa Guiseppe Pizza & Pasta --> 1
Townhall Hotel North Melbourne --> 1
French Quarter Patisserie --> 1
KL Bunga Raya --> 1
Smile Thai Restaurant --> 1
The Secret Recipe --> 1
Il Duca Restaurant --> 1
Square & Compass --> 1
Beddgood & Co --> 1
Dish / Royce Hotel --> 1
Jarrah Restaurant & Bar --> 1
In a Rush --> 2
Sassone Cucina Italiana --> 1
Lucky Chan's --> 1
Margo's --> 1
Man Tong Kitchen --> 1
Cervo --> 1
Dock 37 Bar & Kitchen --> 1
Mesh --> 1
Dee Casa --> 1
Riverside Skate Park --> 2
The Atlantic Group --> 1
Tea rooms and Terrace Royal Botanic Gardens --> 1
Bacash --> 1
University High School Canteen --> 1
Network Public Bar & Pizzeria --> 1
Spanish Doughnuts --> 1
Red Rooster --> 1
Bito Beans --> 1
Harbour Coffee House --> 1
Hawkers Corner And Krabbys Crab Boil --> 1
Belluno Wine Bar --> 1
Kenny's Bakery Cafe --> 2
Vintams Cafe --> 1
Capri Cafe & Lounge --> 1
Gelatoria On the Docks --> 1
Carl's Jr Docklands --> 1
Fruits of Passion --> 1
Pimm Thai Cafe --> 1
La Tortilleria --> 2
Cheeky Brothers --> 1
Tokyo Maki --> 1
Hunters' Roots --> 1
Pepperoni's --> 1
The Joint Bar --> 1
Pho Kingdom And Cafe --> 1
Maha Restaurant --> 1
Dukes Coffee Roasters --> 1
Platform 270 --> 1
Bullrun --> 1
Bluestone Wine Lounge --> 1
Alluvial Restaurant --> 1
Om Vegetarian --> 2
Ganache Chocolate Lounge --> 1
Pope Joan --> 1
Perk Up Cafe Burger Bar --> 1
Intimo --> 2
Da Guido 365 --> 2
La Belle Miette --> 1
Little Bean Blue --> 1
Saint & Rogue --> 1
Kinship & Co --> 1
Mr Fusion --> 1
Pho Nung Vietnamese Restaurant --> 1
Oli & Levi --> 2
Embla --> 1
Brioche by Phillip --> 1
Tropicana Juice Bar --> 1
Bincho Boss --> 1
Happylemon Chinatown --> 1
SPQR Pizzeria --> 1
Colonial Hotel / Brown Alley Night Club --> 1
Bergerac --> 1
The Essoign Club --> 1
Radar --> 1
Gatboy --> 1
Curry Bowl --> 1
Home Kitchen & Bar --> 1
Father John Cafe --> 1
Anda Cafe --> 1
Gangnam Pocha --> 1
Delicious Asian Cuisines & Pho --> 2
Hash Specialty Coffee --> 1
Hanshin Pocha Melbourne --> 1
Sushi Jiro QV --> 1
Basil With Thyme --> 1
Grounds of Arcadia --> 1
Sam Spade --> 1
365 Food Store & Raw Taste Project --> 1
Top Juice --> 1
Nando's Melbourne Central --> 1
Gotcha Melbourne Central --> 2
D House Cafe --> 1
The Moat Bar & Cafe --> 1
Fraser Place Melbourne --> 1
Aki Sushi --> 1
Lost Angel Bar & Restaurant --> 1
Rice Too Asian Cuisine --> 1
Cherry Lane Fine Foods --> 1
Little Bang Espresso --> 1
The Terrace On Exhibition --> 1
Diner on Franklyn --> 1
Biang Biang Elizabeth --> 1
Plus 852 Cafe --> 1
Nene Chicken --> 1
Market Lane Cafe --> 1
Sarawak Kitchen --> 1
Tang's Spicy Hot Pot --> 1
Hotel Ibis --> 1
Dumpling ADA --> 1
Vincent The Dog --> 1
Gemma Simple Italian --> 1
St. Charly --> 1
Carlton Yacht Club Bar --> 1
Haymarket Place --> 1
XD Fresh --> 1
Tutto Premium Frozen Yogurt And Dessert --> 1
Flavours of Indus --> 1
Wokks --> 1
Chinger Biang Biang Noodle --> 1
Carlton Megabytes --> 1
Egg Sake Bistro --> 1
Professor Walk Cafe --> 1
Beatrix Cafe --> 1
Big Bang Yogurt --> 1
Court House Hotel --> 1
Mork Chocolate --> 1
The Castle Hotel --> 2
So Thai --> 1
Chickilia --> 1
Hungry Jack's --> 1
Pokapoka Japanese Restaurant --> 1
Freeo's --> 1
Park Hyatt Melbourne --> 1
Nar Bangkok --> 2
Tokyo Sushi Kitchen --> 1
A Treat of France --> 2
Human Beans --> 1
The Deck --> 1
Designed For Livin --> 1
Hudsons Coffee Port Melbourne --> 1
Belgian Beer Cafe Melbourne --> 2
Cote Terra Adicion --> 1
Powered by Cote Terra --> 1
Nobu Melbourne --> 1
Emporio Pizza & Pasta --> 1
SHO Noodles --> 1
Boho --> 1
Meat Market South Wharf --> 1
Plus 5 --> 1
BangPop --> 1
Sopranos --> 1
Alf's Cafe --> 1
Aruba Espresso Cafe --> 1
Degani @ Southern Cross Station --> 1
Coffee n' all Customs House --> 1
Peppers Docklands Hotel --> 1
Ilza --> 2
Ibean --> 1
Espresso Alto --> 1
11 Inch Pizzeria Docklands --> 1
De Mad Hatter --> 1
Off With the Ferries --> 1
Billy Barista --> 1
The Other Brother --> 1
Sori Cafe --> 1
Food Hall --> 1
Grain Store --> 1
Sushi Lian --> 1
The Organic Food & Wine Deli --> 1
Spanish Doughnuts El Churro Cafe --> 1
Swanston Halal Food Centre --> 1
The Adelphi Hotel --> 1
Eau-De-Vie --> 1
Virgin Active Health Club Collins Street --> 1
Tian38 --> 1
The Soup Place --> 1
Howitt House --> 1
Henry and the Fox --> 1
Melbourne Savage Club --> 1
Little Brother Kitchen & Bar --> 1
Momo Central --> 1
Hudsons Elizabeth Street --> 1
Five Points Cafe --> 1
The Commercial Bakery --> 1
Neapoli Wine Bar --> 1
Straight Outta Saigon --> 1
Lighthouse Cafe / The Salvation Army (Victoria) Property Trust --> 1
Shanghai Shifu Dumpling --> 1
Hilton Melbourne Little Queen Street --> 1
Korchi City --> 1
Corner & Bench --> 1
Westlake Restaurant --> 1
FM Karaoke Bar --> 1
Flower Drum --> 1
Isan Soul Thai Street Food --> 1
David's Spicy Pot --> 1
City Wine Shop --> 1
Glory Cakes --> 1
Noodle Lab --> 1
Speck Cafe --> 1
Little Ramen Bar --> 1
Xinjiang Lamian Restaurant --> 1
A25 Pizzeria --> 1
Mao Please --> 1
Yamato Japanese Restaurant --> 1
Empress of China --> 1
Heartbreaker --> 1
Cafe Le Petite Bourke Patisserie --> 1
Sunda --> 1
House Blend --> 1
Red Cliff Chinese Restaurant --> 1
Hanaichi --> 1
Foglia Di Fico --> 1
Perch Cafe --> 1
Qipo Hot Pot --> 1
Fourteen on 10 --> 1
Reverie Cafe --> 1
Cupcake Central --> 1
Guzman Y Gomez Swanston Street --> 1
Mr Kitchen --> 1
Vanilla Bean --> 1
Gami Training Centre --> 1
Tigerous Espresso --> 1
Little Chef --> 1
Operator 25 --> 1
Klik Cafe --> 1
Damiao Panda Fan --> 2
Pearson and Murphy's Cafe --> 1
Pelicana Fried Chicken And Beer --> 1
No 1 Delicious --> 1
South Melbourne Dim Sims Pty Ltd --> 1
Market Kebab Cafe --> 1
Le Miel Et Le Lune --> 1
Bossa Nova Coffee And Friends --> 1
Pagla --> 1
Doc Pizza & Mozarella Bar --> 1
Mantra Lounge --> 1
Mixity Restaurant and Cafe --> 1
Nasi Lemak House --> 1
Little Lygon Restaurant --> 1
Arabesque --> 1
Flovie Florist Cafe --> 1
Tuantuan Chinese Brasserie --> 1
University House Club --> 1
The Ida Bar --> 1
New Lanna Thai --> 1
Butcher Shop Cafe --> 1
Kensington Canteen --> 1
Hatchd Chicken --> 1
Hotel Pullman on The Park --> 1
Delisure Kitchen --> 1
The Cupcake Queens --> 1
Calla & Gardenia The Florist --> 1
Slater St Bench --> 1
Moody Brew Coffee Bar --> 1
Spudbar @ Chevron --> 1
Malthouse Cafe --> 1
La Camera --> 1
Commodity Cafe --> 1
Bonnie & Duke Cafe --> 1
Workshop Brothers --> 1
DOC Southbank --> 1
Crown Entertainment Complex --> 1
Southside Coffee Co --> 1
Domain Brasserie --> 1
Bistro Gitan --> 1
Cafe Alfretti --> 1
Simply Indian --> 1
Noulboo --> 1
On The Grind Melbourne --> 1
Ginger Leaf Thai Restaurant --> 1
Gokotta Kaffe --> 1
Grain & Vine on Merchant --> 1
Caffe Bambino Docklands --> 1
Sir Basil CafÃ© & Restaurant --> 1
Humble Cafe --> 1
Luncheonette Cafe --> 1
