Domino's Pizza --> b168 c21 s4
Arbory Bar and Eatery --> b208 c26 s5
Doughboys Doughnuts --> b248 c31 s6
Mankeumi --> b88 c11 s3
Cupanda Kitchen --> b184 c23 s6
The League Of Honest Coffee --> b336 c42 s6
Troika Bar --> b152 c19 s6
Shuxiang Hot Pot --> b240 c30 s6
The Basement Cafe --> b272 c34 s7
Tank Fish And Chippery --> b240 c30 s6
Dragon Hot Pot --> b168 c21 s5
The Journal Canteen --> b256 c32 s5
Princess Theatre --> b176 c22 s6
Darac Grill & Bar --> b208 c26 s7
El Rincon --> b120 c15 s6
Little Bean Blue --> b184 c23 s7
St. Charly --> b176 c22 s7
Court House Hotel --> b184 c23 s5
Subway --> b88 c11 s4
Shujinko Ramen --> b184 c23 s5
