Domino's Pizza
--> census_year: 2020 || block_id: 1 || property_id: 611394 || base_property_id: 611394 || building_address: 545-557 Flinders Street MELBOURNE VIC 3000 || clue_small_area: Melbourne (CBD) || business_address: 553 Flinders Street MELBOURNE VIC 3000 || trading_name: Domino's Pizza || industry_code: 4512 || industry_description: Takeaway Food Services || seating_type: Seats - Indoor || number_of_seats: 12 || longitude: 144.95651 || latitude: -37.82098 || 
