Domino's Pizza --> b136 c17 s3
Arbory Bar and Eatery --> b184 c23 s2
