Domino's Pizza
--> census_year: 2020 || block_id: 1 || property_id: 611394 || base_property_id: 611394 || building_address: 545-557 Flinders Street MELBOURNE VIC 3000 || clue_small_area: Melbourne (CBD) || business_address: 553 Flinders Street MELBOURNE VIC 3000 || trading_name: Domino's Pizza || industry_code: 4512 || industry_description: Takeaway Food Services || seating_type: Seats - Indoor || number_of_seats: 12 || longitude: 144.95651 || latitude: -37.82098 || 
Arbory Bar and Eatery
--> census_year: 2020 || block_id: 4 || property_id: 104034 || base_property_id: 104034 || building_address: Flinders Street Railway Station 207-361 Flinders Street MELBOURNE VIC 3000 || clue_small_area: Melbourne (CBD) || business_address: 2 Flinders Walk MELBOURNE VIC 3000 || trading_name: Arbory Bar and Eatery || industry_code: 4511 || industry_description: Cafes and Restaurants || seating_type: Seats - Outdoor || number_of_seats: 367 || longitude: 144.96578 || latitude: -37.81868 || 
