Domino's Pizza --> b112 c19 s1
Arbory Bar and Eatery --> b168 c25 s1
Doughboys Doughnuts --> b152 c24 s1
Mankeumi --> b64 c11 s1
Cupanda Kitchen --> b120 c19 s1
The League Of Honest Coffee --> b216 c31 s1
Troika Bar --> b80 c12 s1
Shuxiang Hot Pot --> b128 c19 s1
The Basement Cafe --> b136 c20 s1
Tank Fish And Chippery --> b176 c25 s1
Dragon Hot Pot --> b112 c18 s1
The Journal Canteen --> b152 c23 s1
Princess Theatre --> b128 c19 s1
Darac Grill & Bar --> b136 c22 s1
El Rincon --> b72 c13 s1
Little Bean Blue --> b128 c19 s1
St. Charly --> b80 c14 s1
Court House Hotel --> b136 c21 s1
Subway --> b48 c10 s1
Shujinko Ramen --> b112 c17 s1
