Domino's Pizza --> b112 c22 s1
Arbory Bar and Eatery --> b168 c27 s1
Natural History Bar & Grill --> b216 c34 s1
Robot Sushi & Bar --> b136 c22 s1
Doughboys Doughnuts --> b152 c26 s1
Hana's Kitchen --> b112 c20 s1
Claypots Barbarossa --> b152 c27 s1
Peddler Tuck Shop CBD --> b168 c27 s1
Mankeumi --> b64 c15 s1
Cupanda Kitchen --> b120 c21 s1
Roberts Italian Restaurant --> b208 c31 s1
Geppetto Trattoria --> b144 c24 s1
Waterfront (Southgate) --> b176 c27 s1
Ponyfish Island --> b120 c22 s1
Cafenatics Forte --> b128 c24 s1
Kantina Kartel --> b112 c22 s1
Cafe Felice --> b88 c20 s1
Nando's Bourke Street --> b168 c29 s1
Dumpling Kingdom --> b128 c23 s1
Red Pepper Indian Restaurant --> b224 c33 s1
The League Of Honest Coffee --> b216 c35 s1
Troika Bar --> b80 c14 s1
Shuxiang Hot Pot --> b128 c23 s1
The Basement Cafe --> b136 c25 s1
Trotters Bistro --> b120 c19 s1
Tank Fish And Chippery --> b176 c28 s1
Avist Cafe --> b80 c16 s1
Bombini Buzz --> b96 c20 s1
Harbour Cafe --> b96 c19 s1
Dohtonbori --> b80 c18 s1
Stand Up Cafe --> b104 c20 s1
Pho Nom --> b56 c13 s1
Krispy Kreme --> b96 c18 s1
Macchiato On Collins --> b160 c27 s1
Code Black --> b80 c18 s1
Barbarella Gelato & Wine --> b192 c32 s1
The European --> b96 c19 s1
Miznon --> b48 c13 s1
Dragon Hot Pot --> b112 c21 s1
Pretty Boy Italian Steak House --> b240 c35 s1
Soul Origin --> b88 c17 s1
Nikko Sushi Noodle --> b144 c25 s1
Ormond Collective --> b136 c23 s1
Damon Bradley Southgate --> b184 c31 s1
Locale Coffee --> b104 c21 s1
Cafe Baci's --> b88 c21 s1
Broad Bean Organic Grocer --> b200 c31 s1
90 Secondi --> b80 c12 s1
365 Foodstore Docklands --> b184 c25 s1
Neo Lemonade --> b96 c19 s1
Igloo Cafe & St Moritz Bar --> b208 c32 s1
The Journal Canteen --> b152 c27 s1
Tako Sushi Japanses Cafe --> b192 c30 s1
Verandah Cafe --> b104 c18 s1
The King Hotel --> b112 c22 s1
Simpsons Chips & Burgers --> b192 c31 s1
Palermo --> b56 c13 s1
Princess Theatre --> b128 c22 s1
LYNS KITCHEN PTY LTD --> b160 c26 s1
Darac Grill & Bar --> b136 c25 s1
El Rincon --> b72 c15 s1
Pork Belly House Melbourne --> b208 c32 s1
Il Dolce Freddo --> b120 c21 s1
KL Bunga Raya --> b104 c18 s1
The Secret Recipe --> b136 c22 s1
Sir Osborn --> b80 c17 s1
Victoria's Secret Bar & Cafe --> b224 c33 s1
Beddgood & Co --> b104 c21 s1
Spanish Doughnuts --> b136 c23 s1
Hawkers Corner And Krabbys Crab Boil --> b288 c43 s1
La Belle Miette --> b120 c22 s1
Little Bean Blue --> b128 c24 s1
Larder Section --> b112 c21 s1
Anda Cafe --> b72 c14 s1
Kenny's Bakery Cafe --> b152 c27 s1
Nando's Melbourne Central --> b200 c33 s1
Gemma Simple Italian --> b160 c26 s1
St. Charly --> b80 c17 s1
Carlton Yacht Club Bar --> b176 c29 s1
Professor Walk Cafe --> b152 c25 s1
Court House Hotel --> b136 c25 s1
Pokapoka Japanese Restaurant --> b224 c35 s1
McDonald's --> b80 c17 s1
Spicy kitchen docklands --> b184 c29 s1
The Other Brother --> b136 c25 s1
Subway --> b48 c13 s1
Cafe Andiamo --> b96 c22 s1
Da Guido 365 --> b96 c19 s1
The Commercial Bakery --> b168 c29 s1
Heartbreaker --> b96 c18 s1
Klik Cafe --> b72 c16 s1
Shujinko Ramen --> b112 c21 s1
No 1 Delicious --> b112 c21 s1
Mixity Restaurant and Cafe --> b208 c33 s1
Flovie Florist Cafe --> b152 c25 s1
Bonnie & Duke Cafe --> b144 c26 s1
Belgian Beer Cafe Melbourne --> b216 c35 s1
Caffe Bambino Docklands --> b184 c31 s1
