Domino's Pizza --> 1
Arbory Bar and Eatery --> 1
Doughboys Doughnuts --> 1
Mankeumi --> 1
Cupanda Kitchen --> 1
The League Of Honest Coffee --> 1
Troika Bar --> 1
Shuxiang Hot Pot --> 1
The Basement Cafe --> 1
Tank Fish And Chippery --> 1
Dragon Hot Pot --> 1
The Journal Canteen --> 1
Princess Theatre --> 1
Darac Grill & Bar --> 1
El Rincon --> 1
Little Bean Blue --> 1
St. Charly --> 1
Court House Hotel --> 1
Subway --> 1
Shujinko Ramen --> 1
