Domino's Pizza --> b112 c28 s1
Arbory Bar and Eatery --> b168 c35 s1
Leap's Bakery Cafe --> b144 c30 s1
Best Western Melbourne City --> b216 c38 s1
Hudson's Coffee --> b120 c23 s1
Nando's --> b56 c17 s1
Cafe 34 --> b56 c19 s1
Roule Galette --> b104 c23 s1
Grill'd --> b56 c19 s1
Metro Burgers --> b104 c23 s1
Pastuso --> b56 c18 s1
Bowery to Williamsburg --> b176 c34 s1
Fonda Flinders Lane --> b152 c32 s1
Cecconi's Flinders Lane --> b184 c34 s1
Eastside --> b64 c19 s1
Natural History Bar & Grill --> b216 c37 s1
Robot Sushi & Bar --> b136 c29 s1
Three Drops Espresso --> b160 c30 s1
Allegro Restaurant --> b144 c30 s1
Mrs Singh --> b72 c20 s1
No35 --> b32 c14 s1
Di Stasio Citta --> b120 c26 s1
In Zone Cafe --> b96 c24 s1
Henry & The Fox --> b120 c25 s1
Royal Stacks --> b96 c22 s1
Curry Vault --> b88 c21 s1
Subway --> b48 c19 s1
Syracuse Wine Bar & Restaurant --> b240 c39 s1
Makan --> b40 c18 s1
Hopetoun Tea Rooms --> b144 c29 s1
1932 Cafe & Restaurant --> b176 c25 s1
Doughboys Doughnuts --> b152 c30 s1
Simply Spanish --> b112 c27 s1
Fjord --> b40 c16 s1
Iki-Jime --> b64 c18 s1
In a Rush Espresso --> b144 c30 s1
Laurent Boulangerie Patisserie --> b240 c43 s1
Gordons Cafe & Bar --> b144 c33 s1
VB Rolls --> b64 c16 s1
Da Rin --> b48 c18 s1
Soi 38 --> b48 c21 s1
Mail Exchange Hotel --> b152 c33 s1
Rice Paper Sister --> b136 c27 s1
Dari Korean Café And Bar --> b200 c38 s1
Mumchan --> b56 c17 s1
Triim --> b40 c15 s1
Mercure Welcome Hotel --> b168 c32 s1
Tim Ho Wan --> b80 c21 s1
Mrs Zan's Kitchen --> b136 c27 s1
Wagaya Japanese Restaurant --> b208 c35 s1
Teaser Fengcha --> b112 c26 s1
Udon Izakaya Maedaya --> b160 c28 s1
Rising Embers --> b104 c23 s1
Virgin Active Health Club --> b200 c34 s1
Bar Clara --> b72 c23 s1
Recoleta --> b64 c18 s1
Siglo Bar --> b72 c22 s1
Common Place Coffee Brewers --> b216 c41 s1
Banoi --> b40 c17 s1
Michelangelo --> b96 c24 s1
Hana's Kitchen --> b112 c26 s1
Claypots Barbarossa --> b152 c30 s1
Nelayan --> b56 c18 s1
Dumplings Plus --> b112 c24 s1
Peddler Tuck Shop CBD --> b168 c32 s1
Gami At Healeys - Chicken & Beer --> b256 c46 s1
Mankeumi --> b64 c23 s1
G2 Korean BBQ --> b104 c20 s1
Easy Pot --> b64 c19 s1
Hadware Street Cafe --> b152 c30 s1
Whisky and Alement --> b144 c27 s1
Melbourne Whisky Room --> b168 c33 s1
Bros Sushi --> b80 c21 s1
Coopers Inn --> b88 c24 s1
Standard Coffee --> b120 c30 s1
Goz City --> b64 c21 s1
Kings and Knaves Espresso --> b200 c36 s1
Green Me Yoghurt --> b128 c28 s1
Asian Beer Cafe --> b120 c27 s1
Troika Bar --> b80 c20 s1
Charles LaTrobe Coffee Co --> b200 c37 s1
Druids Cafe --> b88 c22 s1
Cupanda Kitchen --> b120 c25 s1
Tea Bag --> b56 c18 s1
Shujinko Ramen --> b112 c25 s1
Josies Food Bar --> b120 c24 s1
Milk The Cow --> b96 c23 s1
The Heart of Carlton --> b160 c35 s1
Yo-Chi --> b48 c13 s1
Brew Culture --> b96 c21 s1
Sushi Ten --> b72 c24 s1
Calrton Pizzeria Bar and Restaurant --> b280 c47 s1
The Graduate Union of the University of Melbourne --> b392 c65 s1
Don Tojo --> b64 c23 s1
Pepper alley --> b96 c22 s1
Seasons Provedore --> b136 c29 s1
Il Gambero On The Park --> b176 c35 s1
Roberts Italian Restaurant --> b208 c38 s1
Mad Hare --> b64 c23 s1
Briscola Espresso --> b136 c28 s1
Briscola Cafe --> b104 c24 s1
No 1 Delicious Hotpot And Bbq --> b232 c39 s1
Carlton Cafe --> b96 c25 s1
North End Deli --> b112 c25 s1
Sublime cafe --> b96 c25 s1
Kebab Connection --> b128 c27 s1
Hallah --> b48 c18 s1
I Wrap Cafe --> b88 c18 s1
Affinity On Errol --> b136 c26 s1
Katmandu Cottage --> b128 c26 s1
Lukumades --> b72 c20 s1
Soolzip Korean --> b112 c29 s1
Geppetto Trattoria --> b144 c29 s1
Magnolia Court Boutique Hotel --> b232 c42 s1
My Sushi Japanese Cafe --> b176 c30 s1
Sir Osborn --> b80 c22 s1
Victoria's Secret Bar & Cafe --> b224 c38 s1
Mugs Alley --> b80 c20 s1
Shuji Sushi --> b88 c22 s1
Story So Far --> b96 c26 s1
Centro --> b48 c17 s1
Bombini Buzz --> b96 c26 s1
Waterfront (Southgate) --> b176 c31 s1
Lindt --> b40 c18 s1
Ponyfish Island --> b120 c26 s1
Cafe Promenade --> b112 c28 s1
Mad Duck Cafe --> b104 c27 s1
Left Bank Melbourne --> b152 c32 s1
Frankie Walter Peta --> b152 c30 s1
V P R Vietnamese Pork Roll --> b208 c33 s1
Melbourne Public --> b128 c29 s1
Schnitz --> b56 c18 s1
Paris by night --> b112 c25 s1
Saporito Cafe Bar & Grill --> b200 c37 s1
Lisa Bolte dancers'  Lounge --> b216 c39 s1
Gilson --> b48 c18 s1
Alfretti Cafe --> b104 c25 s1
Quality Hotel --> b104 c21 s1
Parkville Store --> b120 c26 s1
McDonalds Royal Children's Hospital --> b280 c46 s1
Teej Cafe --> b72 c19 s1
The Nixon Hotel --> b120 c30 s1
Asuka Sushi --> b88 c22 s1
VinTam's Bakery --> b120 c25 s1
Blended Beard --> b104 c25 s1
Smokestak --> b72 c21 s1
Tap 831 --> b56 c16 s1
Code Black --> b80 c24 s1
Street Kitchen Co --> b136 c31 s1
Chia Chia --> b72 c22 s1
Cafenatics Forte --> b128 c29 s1
Urban Alley Brewery --> b152 c27 s1
Dohtonbori --> b80 c23 s1
Jon Smith Subs Docklands --> b192 c34 s1
Boost Juice Waterfront City --> b216 c42 s1
Yassas --> b48 c14 s1
Bababoi --> b56 c19 s1
Crust Gourmet Pizza Bar Kensington --> b272 c43 s1
Pilgrim Bar --> b88 c24 s1
Beer De Luxe --> b96 c25 s1
Transit Rooftop Bar --> b152 c29 s1
Altius Coffee Brewers --> b168 c31 s1
Flinders Kebab --> b112 c26 s1
Williams Bar Cafe --> b136 c26 s1
Gami Chicken & Beer --> b152 c33 s1
Sushi Hub Elizabeth Street --> b208 c43 s1
Heart Baker Bun Mee --> b152 c28 s1
The Journal Canteen --> b152 c34 s1
Cafe Andiamo --> b96 c28 s1
Seedling Cafe --> b104 c25 s1
Om Nom Kitchen --> b112 c26 s1
The French Brasserie --> b160 c35 s1
Espresso Bar International --> b208 c36 s1
Market Lane Bar --> b120 c28 s1
Sensory Lab --> b88 c23 s1
Midtown Cafe & Catering --> b184 c34 s1
Bistro Du Peuple --> b128 c28 s1
Sofi's Lounge --> b104 c26 s1
Roll'D Collins Place --> b160 c31 s1
Apna Desi Indian Restaurant --> b216 c37 s1
Kantina Kartel --> b112 c24 s1
Dikstein's Corner Bar --> b168 c34 s1
PappaRich 360 Collins --> b168 c31 s1
Cafenatics Equitable Place --> b208 c39 s1
Sushi Hut --> b72 c26 s1
La Creperie Saint- Germain --> b208 c40 s1
Garcon Paris Steakhouse --> b184 c36 s1
Liaision --> b64 c21 s1
Coffee Exchange --> b120 c30 s1
Cafe Felice --> b88 c26 s1
Bar Ampere --> b80 c24 s1
Axil Coffee Roasters --> b160 c28 s1
The Meating House --> b136 c32 s1
Izakaya Den --> b88 c20 s1
Nando's Bourke Street --> b168 c33 s1
Waiters Restaurant --> b144 c27 s1
San Telmo Restaurant --> b160 c33 s1
Hotel Windsor --> b104 c26 s1
Ha Ha Tea --> b72 c18 s1
Kedai Satay --> b88 c22 s1
Crisp Creative Salad --> b160 c31 s1
Sakae --> b40 c18 s1
Dumpling Kingdom --> b128 c27 s1
Little Curry Authentic Cuisine --> b240 c45 s1
Grill'd Healthy Burgers --> b184 c35 s1
Gyoza Gyoza & Momo Shabu Shabu --> b240 c41 s1
Self Preservation --> b136 c30 s1
Arlechin --> b64 c20 s1
Punch Lane Wine Bar/Restaurant --> b240 c38 s1
Bamboo House --> b96 c24 s1
Red Pepper Indian Restaurant --> b224 c39 s1
The Mill --> b64 c25 s1
Il Nostro Posto --> b120 c27 s1
YourThai Rice & Noodle Bar --> b208 c33 s1
Le Charme --> b72 c21 s1
Dragon Hot Pot --> b112 c25 s1
Nam Loong Restaurant --> b160 c30 s1
Korean BBQ Buffet --> b136 c29 s1
Wonton Master --> b104 c22 s1
NANA Australia --> b112 c21 s1
CJ Lunchbar --> b88 c18 s1
Papparich --> b72 c19 s1
Grill'd (QV) --> b96 c24 s1
Uncle 8 --> b56 c15 s1
Sulbing Dessert Bar --> b152 c33 s1
Coco and Joe --> b96 c25 s1
Mad Mex --> b56 c22 s1
Suzi jiro --> b72 c22 s1
Frozen by a Thousand Blessings --> b240 c40 s1
Wonder Bowl --> b88 c20 s1
Tealive --> b56 c18 s1
The League Of Honest Coffee --> b216 c42 s1
The Dispensa --> b96 c28 s1
Smile Bread --> b88 c23 s1
Shuxiang Hot Pot --> b128 c27 s1
The Basement Cafe --> b136 c32 s1
Dear Fry Day --> b96 c26 s1
Blu Point Caffe --> b120 c26 s1
Menya Ramen --> b88 c22 s1
Phancy Catering --> b120 c25 s1
McDonalds --> b72 c19 s1
DDDumplings --> b88 c20 s1
David's Master Pot --> b144 c31 s1
Degani Bakery Cafe --> b144 c34 s1
Tiamo Coffee --> b96 c24 s1
Trotters Bistro --> b120 c26 s1
Donnini's Restaurant --> b160 c34 s1
Bloom Coffee Bar --> b128 c28 s1
Books N Bites Cafe --> b144 c33 s1
Delect A Bowl --> b104 c26 s1
Tabouli --> b56 c17 s1
Thai City Restaurant --> b160 c31 s1
D'Penyetz & D'Cendol --> b160 c28 s1
Tank Fish And Chippery --> b176 c35 s1
Cafe Tre Sette --> b112 c29 s1
Mama Tsai --> b72 c23 s1
A Cafe Called John --> b144 c26 s1
Cream & Crumbs --> b112 c24 s1
Dr Dax Kitchen --> b112 c24 s1
Oriental House --> b112 c23 s1
Joe Taylor --> b80 c20 s1
Salt Seafood and Burger Bar --> b216 c41 s1
Roasting Warehouse --> b144 c29 s1
Classic Curry Company --> b168 c32 s1
Avist Cafe --> b80 c19 s1
Tong Fu Garden Melbourne --> b192 c35 s1
Chimac the Korean Bistro --> b192 c39 s1
Gap Cafe --> b64 c21 s1
Magic Hand Car Wash West Melbourne --> b272 c47 s1
Headquarters Tavern --> b152 c28 s1
Kiwi Tribeca Fish Burger Bar --> b224 c38 s1
Edwin's Cafe --> b96 c23 s1
Giro D’Italia --> b120 c26 s1
Circolo --> b56 c19 s1
Humbaba --> b56 c16 s1
Hophaus --> b56 c18 s1
Red Emperor --> b88 c22 s1
Portside Deli --> b104 c25 s1
Pier 35 Bar & Grill --> b152 c30 s1
Ootoro --> b48 c18 s1
Soho Restaurant & Bar --> b168 c36 s1
Asado Bar y Grill --> b136 c29 s1
Upstanding Citizens --> b152 c27 s1
Common Man --> b80 c25 s1
Jardin Tan --> b80 c18 s1
Super 8 --> b56 c21 s1
Isabella --> b64 c17 s1
Lakeside Bistro And Function Centre --> b280 c48 s1
Melbourne Stadiums Limited --> b208 c39 s1
Harbour Cafe --> b96 c26 s1
Katsu House --> b88 c21 s1
Sergy Boy --> b72 c19 s1
O-Bento --> b56 c14 s1
Platform 28 --> b88 c22 s1
Coffee Gauge --> b96 c27 s1
Indi Hots Indian Restaurant --> b216 c39 s1
Tsukino Snizuku --> b120 c24 s1
Spicy Kitchen Docklands --> b184 c35 s1
Nourish-D --> b72 c20 s1
Solidaire Victoria --> b144 c33 s1
Steakhouse Grill 66 --> b152 c34 s1
Cargo --> b40 c16 s1
All Smiles --> b80 c21 s1
san churro docklands --> b160 c23 s1
Miss Pings Thai Eatery --> b176 c33 s1
Cafe Bourgeois --> b112 c31 s1
Perso --> b40 c15 s1
Melba Social --> b96 c23 s1
Argi --> b32 c17 s1
The Quiet Man Irish Pub --> b184 c36 s1
Nandos Northbank --> b128 c26 s1
Chocolate Buddha --> b128 c28 s1
Delhi Streets --> b104 c27 s1
Punthill Melbourne Northbank / Mini Bar --> b312 c47 s1
Stand Up Cafe --> b104 c28 s1
Kobab --> b40 c17 s1
Degraves Espresso --> b136 c32 s1
The Quarter --> b88 c25 s1
Buddabah --> b64 c19 s1
Earl Canteen --> b96 c23 s1
Pho Nom --> b56 c18 s1
Krispy Kreme --> b96 c20 s1
Little Bean Bambini --> b152 c34 s1
Aix Cafe Creperie Salon --> b184 c33 s1
Miss Siam --> b72 c20 s1
Yuzu Cafe & Cuisine --> b152 c25 s1
Macchiato On Collins --> b160 c32 s1
Koi Koi --> b56 c19 s1
Barbarella Gelato & Wine --> b192 c36 s1
Delhi Rocks --> b88 c25 s1
Market Lane Coffee --> b144 c31 s1
Royal Melbourne Hotel --> b168 c31 s1
Famish'd --> b64 c17 s1
Spin Coffee --> b88 c23 s1
Pok Pok Junior --> b112 c25 s1
Simpsons Chips & Burgers --> b192 c37 s1
The Crafty Squire --> b136 c33 s1
Tsujiri --> b56 c16 s1
Ishizuka --> b64 c17 s1
Gyoza Douraku --> b104 c24 s1
Poked --> b40 c17 s1
Sempre Pizza & Calzone --> b176 c35 s1
Shanghai Master Dumpling --> b192 c36 s1
La Di Da --> b64 c21 s1
Roll'D Vietnamese Kitchen --> b200 c36 s1
Brewer's Place --> b112 c23 s1
The Taste of Korchi City --> b192 c37 s1
Lulu's Char Koay Teow --> b168 c33 s1
Palermo --> b56 c17 s1
Two Peck Crispy Chicken --> b184 c32 s1
The Lab - Nitrogen Gelato --> b200 c40 s1
Musashi Ramen Restaurant --> b192 c33 s1
Tan Hot Pot --> b88 c23 s1
Mrs Parma's --> b88 c22 s1
The European --> b96 c28 s1
District Mot Vietnamese --> b184 c35 s1
Rolling Nori --> b96 c22 s1
Miznon --> b48 c17 s1
Hawker Boys --> b88 c25 s1
China Bar --> b72 c23 s1
Old Crystal Jade Steamboat --> b208 c38 s1
William St Deli --> b120 c24 s1
Ten Square Cafe --> b120 c24 s1
Sizzling Braised Pot Mel --> b192 c36 s1
Gypsy & Pig --> b88 c21 s1
Pretty Boy Italian Steak House --> b240 c38 s1
Gong Cha --> b64 c21 s1
The Mint Bar & Restaurant --> b200 c42 s1
Krimper --> b56 c15 s1
Soul Origin --> b88 c24 s1
Lord of the Fries Melbourne Central --> b280 c47 s1
Rustica --> b56 c14 s1
City Of Melbourne Bowls Club Inc --> b256 c44 s1
The Jazz Corner Cafe --> b160 c35 s1
B Churrasco --> b88 c18 s1
Canton Fast Food --> b128 c28 s1
The Wharf Hotel --> b120 c29 s1
Yarra Dragon --> b96 c20 s1
Toothpicks Cafe --> b120 c26 s1
Adonai Foods --> b96 c21 s1
Cafe Lua --> b64 c23 s1
Cinema Nova --> b88 c22 s1
Sea salt kitchen --> b128 c28 s1
The Vertue of the Coffee Drink --> b240 c44 s1
DOC Espresso --> b96 c21 s1
East Imperial --> b104 c25 s1
Fu Lu Chinese Cafe --> b144 c27 s1
Lanzhou Beef Noodle Bar --> b184 c37 s1
Rice Bar Not Only Rice --> b176 c31 s1
Subway Carlton --> b112 c27 s1
Hwatu --> b40 c13 s1
Cafe Notturno --> b104 c28 s1
Spaghettata Restaurant --> b176 c35 s1
Ziyka Restaurant --> b128 c21 s1
El GIza Bar and Lounge --> b176 c33 s1
Bar Scopa --> b72 c21 s1
Yunique --> b56 c13 s1
Bobby Dre's --> b88 c23 s1
Miami Hotel Melbourne --> b168 c33 s1
Common Ground Coffee --> b160 c35 s1
Don't Tell Charles Coffee & Desserts --> b288 c51 s1
Nikko Sushi Noodle --> b144 c27 s1
Solah --> b40 c20 s1
East Side Story Cafe --> b160 c32 s1
Cafe Lansdowne --> b112 c30 s1
Zouki on the Park --> b136 c22 s1
Treasury Cafe --> b104 c23 s1
The Glasshouse Eatery --> b168 c36 s1
McDonald's --> b80 c20 s1
Ormond Collective --> b136 c26 s1
Pizza Forno --> b88 c21 s1
Teatro --> b48 c18 s1
Gallery Kitchen --> b120 c28 s1
Tutto Bene --> b80 c19 s1
Miyako Japanese Cuisine & Teppanyaki --> b288 c48 s1
Damon Bradley Southgate --> b184 c36 s1
Locale Coffee --> b104 c24 s1
Hooks @ The Yarra --> b136 c27 s1
KFC --> b24 c11 s1
Hopscotch --> b72 c19 s1
Ludlow Bar & Dining Room --> b192 c35 s1
Jiao Zi --> b56 c16 s1
Bluebag Fresh --> b104 c25 s1
Cafe Baci's --> b88 c28 s1
Rockpool Bar & Grill --> b160 c32 s1
Silks --> b40 c18 s1
Akachochin --> b80 c20 s1
Broad Bean Organic Grocer --> b200 c35 s1
Entrecote - Paris Steakhouse & Winebar --> b304 c48 s1
Noughts and Crosses Cafe --> b192 c36 s1
90 Secondi --> b80 c12 s1
That Coffee Corner --> b144 c29 s1
Chilli India --> b96 c27 s1
Sushi & Nori --> b96 c26 s1
Watermark Docklands --> b152 c28 s1
pouring for a purpose --> b168 c24 s1
Southern China Style Cuisine --> b224 c42 s1
Signature Pho Viet --> b144 c31 s1
365 Foodstore Docklands --> b184 c27 s1
Neo Lemonade --> b96 c24 s1
Steakhouse 66 --> b104 c28 s1
Berth Restaurant --> b128 c27 s1
Buffalos Docklands --> b144 c29 s1
Igloo Cafe & St Moritz Bar --> b208 c36 s1
Pud Thai Vs Pho --> b120 c23 s1
Mr Tucker --> b72 c19 s1
Upstanding Citizens Flinders --> b224 c36 s1
Queen's Kebabs --> b112 c22 s1
Hella Good --> b80 c20 s1
Little Cupcakes --> b120 c30 s1
Movida Next Door --> b128 c26 s1
Coda Bar & Restaurant --> b168 c35 s1
The Duke of Wellington --> b176 c37 s1
A Hereford Beefstouw --> b160 c28 s1
Lee Ho Fook --> b88 c24 s1
Cafenatics 367 --> b112 c26 s1
Cafe Vicolino --> b104 c28 s1
Eurolane Cafe --> b104 c22 s1
Tako Sushi Japanses Cafe --> b192 c35 s1
Oda Sushi --> b72 c19 s1
Maccaroni Trattoria Italiana --> b224 c40 s1
Binary 101 --> b80 c22 s1
Southern Xross Kebabs --> b168 c35 s1
Massi --> b40 c16 s1
Bon --> b24 c18 s1
Oh Banh Mi --> b80 c20 s1
Pentolina --> b72 c20 s1
Dodee Paidang Thai Bar And Cafe --> b248 c44 s1
30 Block Place --> b112 c18 s1
Burger Project St. Collins Lane --> b248 c41 s1
Thai Viet --> b72 c20 s1
Verandah Cafe --> b104 c23 s1
Sakura Kaiten Sushi --> b152 c32 s1
The King Hotel --> b112 c29 s1
Chancery Lane --> b104 c25 s1
Gopal's Vegetarian Restaurant --> b232 c44 s1
The Carlton Hotel --> b136 c34 s1
L'Incontro --> b80 c17 s1
Madam Brussels --> b112 c27 s1
Sal's Authentic New York Pizza --> b240 c44 s1
The Grand Trailer Park Taverna --> b240 c46 s1
Back Velvet Coffee --> b144 c30 s1
Lord of the Fries --> b136 c29 s1
Rock the Wok --> b96 c24 s1
Chiki Chiki --> b88 c24 s1
Larder Section --> b112 c27 s1
Kaneda Japanese Restaurant --> b208 c36 s1
Welcome Stranger --> b128 c24 s1
D'Marcos  Espresso Bar --> b176 c30 s1
The Elephant and Wheelbarrow --> b224 c43 s1
Traveller --> b72 c19 s1
Juliet Melbourne --> b128 c23 s1
Princess Theatre --> b128 c25 s1
Brown Alley Night Club / Colonial Hotel --> b312 c50 s1
Schmucks Bagels --> b120 c26 s1
Sool Tong --> b72 c24 s1
Chokolait --> b72 c21 s1
Bar Napoli --> b80 c23 s1
Tina's Noodle Kitchen --> b168 c32 s1
Minh Xuong Seafood & BBQ Restaurant --> b280 c46 s1
Hawker Chan --> b88 c25 s1
Shou Sumiyaki --> b104 c26 s1
Jang Go Mama --> b96 c20 s1
Supagrind --> b72 c23 s1
Benny's Bakery Cafe --> b152 c31 s1
Schnitz QV --> b80 c21 s1
Breadtop Bakery --> b120 c24 s1
Melina on the Rooftop --> b168 c32 s1
Shanxi Street Food --> b144 c30 s1
Degani At Madame Brussels Lane --> b240 c47 s1
Bluebag --> b56 c19 s1
LYNS KITCHEN PTY LTD --> b160 c28 s1
Tao's Asian BBQ Kitchen --> b184 c35 s1
Shortstop Coffee & Donuts --> b200 c38 s1
Biryani House --> b104 c25 s1
Darac Grill & Bar --> b136 c30 s1
GJ's Grill --> b80 c18 s1
Alex Canteen --> b96 c24 s1
Market Espresso & Trolley Hire --> b240 c41 s1
El Rincon --> b72 c20 s1
Roasted@Qvm --> b88 c22 s1
3 Brothersss --> b96 c15 s1
Pork Belly House Melbourne --> b208 c38 s1
Baraonda --> b64 c20 s1
E Dumpling --> b80 c17 s1
University Cafe --> b120 c23 s1
Tiamo 2 --> b56 c19 s1
Masani Italian Dining & Terrace --> b248 c42 s1
Lincoln Bakery Cafe --> b152 c32 s1
Norsiah's Kitchen --> b136 c28 s1
Cafe Cavallino --> b112 c31 s1
Lygon Charcoal Grill & Steakhouse --> b264 c43 s1
Killiney Kopitiam --> b136 c28 s1
Lambs Restaurant --> b128 c30 s1
Il Dolce Freddo --> b120 c28 s1
Toto's Pizza --> b96 c23 s1
Universal Pizza --> b120 c23 s1
127 Cafe Go --> b88 c15 s1
Super Ling --> b80 c24 s1
The Queensberry Pour House --> b208 c40 s1
Mr Bello --> b64 c20 s1
Jang Gun Restaurant --> b152 c27 s1
Pioneer Pizza A --> b120 c27 s1
Papa Guiseppe Pizza & Pasta --> b216 c37 s1
Townhall Hotel North Melbourne --> b240 c41 s1
French Quarter Patisserie --> b200 c36 s1
KL Bunga Raya --> b104 c21 s1
Smile Thai Restaurant --> b168 c33 s1
The Secret Recipe --> b136 c30 s1
Il Duca Restaurant --> b144 c31 s1
Square & Compass --> b128 c27 s1
Beddgood & Co --> b104 c26 s1
Dish / Royce Hotel --> b144 c30 s1
Jarrah Restaurant & Bar --> b184 c31 s1
In a Rush --> b72 c21 s1
Sassone Cucina Italiana --> b184 c36 s1
Lucky Chan's --> b96 c23 s1
Margo's --> b56 c18 s1
Man Tong Kitchen --> b128 c30 s1
Cervo --> b40 c15 s1
Dock 37 Bar & Kitchen --> b168 c34 s1
Mesh --> b32 c15 s1
Dee Casa --> b64 c23 s1
Riverside Skate Park --> b160 c30 s1
The Atlantic Group --> b144 c32 s1
Tea rooms and Terrace Royal Botanic Gardens --> b344 c54 s1
Bacash --> b48 c18 s1
University High School Canteen --> b240 c39 s1
Network Public Bar & Pizzeria --> b232 c39 s1
Spanish Doughnuts --> b136 c30 s1
Red Rooster --> b88 c22 s1
Bito Beans --> b80 c21 s1
Harbour Coffee House --> b160 c34 s1
Hawkers Corner And Krabbys Crab Boil --> b288 c49 s1
Belluno Wine Bar --> b128 c28 s1
Kenny's Bakery Cafe --> b152 c29 s1
Vintams Cafe --> b96 c23 s1
Capri Cafe & Lounge --> b152 c30 s1
Gelatoria On the Docks --> b176 c34 s1
Carl's Jr Docklands --> b152 c30 s1
Fruits of Passion --> b136 c26 s1
Pimm Thai Cafe --> b112 c27 s1
La Tortilleria --> b112 c26 s1
Cheeky Brothers --> b120 c27 s1
Tokyo Maki --> b80 c20 s1
Hunters' Roots --> b112 c23 s1
Pepperoni's --> b88 c22 s1
The Joint Bar --> b104 c28 s1
Pho Kingdom And Cafe --> b160 c31 s1
Maha Restaurant --> b120 c29 s1
Dukes Coffee Roasters --> b168 c31 s1
Platform 270 --> b96 c23 s1
Bullrun --> b56 c17 s1
Bluestone Wine Lounge --> b168 c33 s1
Alluvial Restaurant --> b152 c31 s1
Om Vegetarian --> b104 c25 s1
Ganache Chocolate Lounge --> b192 c36 s1
Pope Joan --> b72 c21 s1
Perk Up Cafe Burger Bar --> b184 c34 s1
Intimo --> b48 c18 s1
Da Guido 365 --> b96 c24 s1
La Belle Miette --> b120 c29 s1
Little Bean Blue --> b128 c31 s1
Saint & Rogue --> b104 c26 s1
Kinship & Co --> b96 c23 s1
Mr Fusion --> b72 c21 s1
Pho Nung Vietnamese Restaurant --> b240 c41 s1
Oli & Levi --> b80 c22 s1
Embla --> b40 c16 s1
Brioche by Phillip --> b144 c28 s1
Tropicana Juice Bar --> b152 c30 s1
Bincho Boss --> b88 c23 s1
Happylemon Chinatown --> b160 c33 s1
SPQR Pizzeria --> b104 c21 s1
Colonial Hotel / Brown Alley Night Club --> b312 c53 s1
Bergerac --> b64 c19 s1
The Essoign Club --> b128 c32 s1
Radar --> b40 c14 s1
Gatboy --> b48 c18 s1
Curry Bowl --> b80 c20 s1
Home Kitchen & Bar --> b144 c28 s1
Father John Cafe --> b128 c25 s1
Anda Cafe --> b72 c19 s1
Gangnam Pocha --> b104 c25 s1
Delicious Asian Cuisines & Pho --> b240 c44 s1
Hash Specialty Coffee --> b168 c35 s1
Hanshin Pocha Melbourne --> b184 c35 s1
Sushi Jiro QV --> b104 c30 s1
Basil With Thyme --> b128 c27 s1
Grounds of Arcadia --> b144 c30 s1
Sam Spade --> b72 c23 s1
365 Food Store & Raw Taste Project --> b272 c38 s1
Top Juice --> b72 c19 s1
Nando's Melbourne Central --> b200 c37 s1
Gotcha Melbourne Central --> b192 c38 s1
D House Cafe --> b96 c20 s1
The Moat Bar & Cafe --> b152 c35 s1
Fraser Place Melbourne --> b176 c33 s1
Aki Sushi --> b72 c19 s1
Lost Angel Bar & Restaurant --> b216 c39 s1
Rice Too Asian Cuisine --> b176 c32 s1
Cherry Lane Fine Foods --> b176 c34 s1
Little Bang Espresso --> b160 c35 s1
The Terrace On Exhibition --> b200 c38 s1
Diner on Franklyn --> b136 c30 s1
Biang Biang Elizabeth --> b168 c33 s1
Plus 852 Cafe --> b104 c24 s1
Nene Chicken --> b96 c24 s1
Market Lane Cafe --> b128 c29 s1
Sarawak Kitchen --> b120 c28 s1
Tang's Spicy Hot Pot --> b160 c33 s1
Hotel Ibis --> b80 c22 s1
Dumpling ADA --> b96 c23 s1
Vincent The Dog --> b120 c26 s1
Gemma Simple Italian --> b160 c32 s1
St. Charly --> b80 c22 s1
Carlton Yacht Club Bar --> b176 c34 s1
Haymarket Place --> b120 c26 s1
XD Fresh --> b64 c14 s1
Tutto Premium Frozen Yogurt And Dessert --> b312 c48 s1
Flavours of Indus --> b136 c28 s1
Wokks --> b40 c14 s1
Chinger Biang Biang Noodle --> b208 c40 s1
Carlton Megabytes --> b136 c30 s1
Egg Sake Bistro --> b120 c26 s1
Professor Walk Cafe --> b152 c28 s1
Beatrix Cafe --> b96 c24 s1
Big Bang Yogurt --> b120 c27 s1
Court House Hotel --> b136 c30 s1
Mork Chocolate --> b112 c24 s1
The Castle Hotel --> b128 c33 s1
So Thai --> b56 c18 s1
Chickilia --> b72 c22 s1
Hungry Jack's --> b104 c22 s1
Pokapoka Japanese Restaurant --> b224 c40 s1
Freeo's --> b56 c18 s1
Park Hyatt Melbourne --> b160 c31 s1
Nar Bangkok --> b88 c22 s1
Tokyo Sushi Kitchen --> b152 c29 s1
A Treat of France --> b136 c24 s1
Human Beans --> b88 c20 s1
The Deck --> b64 c24 s1
Designed For Livin --> b144 c30 s1
Hudsons Coffee Port Melbourne --> b232 c38 s1
Belgian Beer Cafe Melbourne --> b216 c39 s1
Cote Terra Adicion --> b144 c31 s1
Powered by Cote Terra --> b168 c32 s1
Nobu Melbourne --> b112 c25 s1
Emporio Pizza & Pasta --> b168 c32 s1
SHO Noodles --> b88 c19 s1
Boho --> b32 c17 s1
Meat Market South Wharf --> b184 c33 s1
Plus 5 --> b48 c17 s1
BangPop --> b56 c19 s1
Sopranos --> b64 c22 s1
Alf's Cafe --> b80 c22 s1
Aruba Espresso Cafe --> b152 c30 s1
Degani @ Southern Cross Station --> b248 c48 s1
Coffee n' all Customs House --> b216 c41 s1
Peppers Docklands Hotel --> b184 c34 s1
Ilza --> b32 c15 s1
Ibean --> b40 c15 s1
Espresso Alto --> b104 c23 s1
11 Inch Pizzeria Docklands --> b208 c30 s1
De Mad Hatter --> b104 c24 s1
Off With the Ferries --> b160 c30 s1
Billy Barista --> b104 c25 s1
The Other Brother --> b136 c32 s1
Sori Cafe --> b72 c23 s1
Food Hall --> b72 c22 s1
Grain Store --> b88 c23 s1
Sushi Lian --> b80 c26 s1
The Organic Food & Wine Deli --> b224 c43 s1
Spanish Doughnuts El Churro Cafe --> b256 c45 s1
Swanston Halal Food Centre --> b208 c37 s1
The Adelphi Hotel --> b136 c31 s1
Eau-De-Vie --> b80 c20 s1
Virgin Active Health Club Collins Street --> b320 c49 s1
Tian38 --> b48 c18 s1
The Soup Place --> b112 c27 s1
Howitt House --> b96 c23 s1
Henry and the Fox --> b136 c27 s1
Melbourne Savage Club --> b168 c34 s1
Little Brother Kitchen & Bar --> b224 c42 s1
Momo Central --> b96 c22 s1
Hudsons Elizabeth Street --> b192 c33 s1
Five Points Cafe --> b128 c27 s1
The Commercial Bakery --> b168 c37 s1
Neapoli Wine Bar --> b128 c26 s1
Straight Outta Saigon --> b168 c35 s1
Lighthouse Cafe / The Salvation Army (Victoria) Property Trust --> b496 c75 s1
Shanghai Shifu Dumpling --> b184 c35 s1
Hilton Melbourne Little Queen Street --> b288 c45 s1
Korchi City --> b88 c23 s1
Corner & Bench --> b112 c26 s1
Westlake Restaurant --> b152 c27 s1
FM Karaoke Bar --> b112 c21 s1
Flower Drum --> b88 c24 s1
Isan Soul Thai Street Food --> b208 c35 s1
David's Spicy Pot --> b136 c30 s1
City Wine Shop --> b112 c26 s1
Glory Cakes --> b88 c23 s1
Noodle Lab --> b80 c21 s1
Speck Cafe --> b80 c23 s1
Little Ramen Bar --> b128 c28 s1
Xinjiang Lamian Restaurant --> b208 c32 s1
A25 Pizzeria --> b96 c19 s1
Mao Please --> b80 c24 s1
Yamato Japanese Restaurant --> b208 c33 s1
Empress of China --> b128 c27 s1
Heartbreaker --> b96 c21 s1
Cafe Le Petite Bourke Patisserie --> b256 c48 s1
Sunda --> b40 c19 s1
House Blend --> b88 c23 s1
Red Cliff Chinese Restaurant --> b224 c39 s1
Hanaichi --> b64 c20 s1
Foglia Di Fico --> b112 c26 s1
Perch Cafe --> b80 c21 s1
Qipo Hot Pot --> b96 c19 s1
Fourteen on 10 --> b112 c25 s1
Reverie Cafe --> b96 c21 s1
Cupcake Central --> b120 c25 s1
Guzman Y Gomez Swanston Street --> b240 c41 s1
Mr Kitchen --> b80 c21 s1
Vanilla Bean --> b96 c22 s1
Gami Training Centre --> b160 c33 s1
Tigerous Espresso --> b136 c28 s1
Little Chef --> b88 c25 s1
Operator 25 --> b88 c20 s1
Klik Cafe --> b72 c20 s1
Damiao Panda Fan --> b128 c29 s1
Pearson and Murphy's Cafe --> b200 c36 s1
Pelicana Fried Chicken And Beer --> b248 c42 s1
No 1 Delicious --> b112 c24 s1
South Melbourne Dim Sims Pty Ltd --> b256 c45 s1
Market Kebab Cafe --> b136 c29 s1
Le Miel Et Le Lune --> b144 c30 s1
Bossa Nova Coffee And Friends --> b232 c41 s1
Pagla --> b40 c15 s1
Doc Pizza & Mozarella Bar --> b200 c38 s1
Mantra Lounge --> b104 c28 s1
Mixity Restaurant and Cafe --> b208 c38 s1
Nasi Lemak House --> b128 c27 s1
Little Lygon Restaurant --> b184 c36 s1
Arabesque --> b72 c23 s1
Flovie Florist Cafe --> b152 c32 s1
Tuantuan Chinese Brasserie --> b208 c35 s1
University House Club --> b168 c30 s1
The Ida Bar --> b88 c26 s1
New Lanna Thai --> b112 c24 s1
Butcher Shop Cafe --> b136 c27 s1
Kensington Canteen --> b144 c28 s1
Hatchd Chicken --> b112 c27 s1
Hotel Pullman on The Park --> b200 c38 s1
Delisure Kitchen --> b128 c30 s1
The Cupcake Queens --> b144 c34 s1
Calla & Gardenia The Florist --> b224 c40 s1
Slater St Bench --> b120 c27 s1
Moody Brew Coffee Bar --> b168 c31 s1
Spudbar @ Chevron --> b136 c28 s1
Malthouse Cafe --> b112 c28 s1
La Camera --> b72 c23 s1
Commodity Cafe --> b112 c28 s1
Bonnie & Duke Cafe --> b144 c33 s1
Workshop Brothers --> b136 c25 s1
DOC Southbank --> b104 c22 s1
Crown Entertainment Complex --> b216 c38 s1
Southside Coffee Co --> b152 c33 s1
Domain Brasserie --> b128 c30 s1
Bistro Gitan --> b96 c24 s1
Cafe Alfretti --> b104 c29 s1
Simply Indian --> b104 c26 s1
Noulboo --> b56 c19 s1
On The Grind Melbourne --> b176 c34 s1
Ginger Leaf Thai Restaurant --> b216 c39 s1
Gokotta Kaffe --> b104 c26 s1
Grain & Vine on Merchant --> b192 c36 s1
Caffe Bambino Docklands --> b184 c35 s1
Sir Basil Café & Restaurant --> b224 c40 s1
Humble Cafe --> b88 c20 s1
Luncheonette Cafe --> b136 c29 s1
