Domino's Pizza --> b232 c29 s8
Arbory Bar and Eatery --> b256 c32 s8
Natural History Bar & Grill --> b320 c40 s7
Robot Sushi & Bar --> b192 c24 s4
Doughboys Doughnuts --> b288 c36 s9
Hana's Kitchen --> b208 c26 s8
Claypots Barbarossa --> b224 c28 s6
Peddler Tuck Shop CBD --> b248 c31 s7
Mankeumi --> b184 c23 s9
Cupanda Kitchen --> b200 c25 s7
Roberts Italian Restaurant --> b344 c43 s9
Geppetto Trattoria --> b216 c27 s7
Waterfront (Southgate) --> b240 c30 s8
Ponyfish Island --> b200 c25 s6
Cafenatics Forte --> b280 c35 s7
Kantina Kartel --> b216 c27 s9
Cafe Felice --> b352 c44 s9
Nando's Bourke Street --> b464 c58 s7
Dumpling Kingdom --> b216 c27 s8
Red Pepper Indian Restaurant --> b304 c38 s8
The League Of Honest Coffee --> b480 c60 s9
Troika Bar --> b232 c29 s9
Shuxiang Hot Pot --> b272 c34 s9
The Basement Cafe --> b216 c27 s5
Trotters Bistro --> b216 c27 s7
Tank Fish And Chippery --> b296 c37 s9
Avist Cafe --> b176 c22 s9
Bombini Buzz --> b184 c23 s7
Harbour Cafe --> b232 c29 s9
Dohtonbori --> b136 c17 s4
Stand Up Cafe --> b192 c24 s7
Pho Nom --> b152 c19 s8
Krispy Kreme --> b192 c24 s9
Macchiato On Collins --> b248 c31 s8
Code Black --> b192 c24 s8
Barbarella Gelato & Wine --> b248 c31 s6
The European --> b360 c45 s9
Miznon --> b160 c20 s9
Dragon Hot Pot --> b192 c24 s7
Pretty Boy Italian Steak House --> b368 c46 s9
Soul Origin --> b200 c25 s9
Nikko Sushi Noodle --> b264 c33 s9
Ormond Collective --> b200 c25 s8
Damon Bradley Southgate --> b288 c36 s8
Locale Coffee --> b136 c17 s3
Cafe Baci's --> b312 c39 s8
Broad Bean Organic Grocer --> b304 c38 s9
90 Secondi --> b152 c19 s9
365 Foodstore Docklands --> b240 c30 s7
Neo Lemonade --> b200 c25 s8
Igloo Cafe & St Moritz Bar --> b296 c37 s9
The Journal Canteen --> b336 c42 s7
Tako Sushi Japanses Cafe --> b280 c35 s8
Verandah Cafe --> b192 c24 s9
The King Hotel --> b336 c42 s8
Simpsons Chips & Burgers --> b280 c35 s7
Palermo --> b152 c19 s9
Princess Theatre --> b224 c28 s7
LYNS KITCHEN PTY LTD --> b232 c29 s7
Darac Grill & Bar --> b256 c32 s9
El Rincon --> b200 c25 s7
Pork Belly House Melbourne --> b320 c40 s8
Il Dolce Freddo --> b184 c23 s7
KL Bunga Raya --> b184 c23 s8
The Secret Recipe --> b312 c39 s8
Sir Osborn --> b192 c24 s8
Victoria's Secret Bar & Cafe --> b296 c37 s8
Beddgood & Co --> b208 c26 s8
Spanish Doughnuts --> b208 c26 s6
Hawkers Corner And Krabbys Crab Boil --> b352 c44 s5
La Belle Miette --> b248 c31 s9
Little Bean Blue --> b240 c30 s9
Larder Section --> b216 c27 s8
Anda Cafe --> b136 c17 s7
Kenny's Bakery Cafe --> b216 c27 s6
Nando's Melbourne Central --> b504 c63 s9
Gemma Simple Italian --> b264 c33 s9
St. Charly --> b208 c26 s9
Carlton Yacht Club Bar --> b328 c41 s9
Professor Walk Cafe --> b264 c33 s9
Court House Hotel --> b272 c34 s9
Pokapoka Japanese Restaurant --> b352 c44 s9
McDonald's --> b152 c19 s7
Spicy kitchen docklands --> b296 c37 s8
The Other Brother --> b280 c35 s6
Subway --> b144 c18 s9
Cafe Andiamo --> b176 c22 s5
Da Guido 365 --> b208 c26 s9
The Commercial Bakery --> b392 c49 s8
Heartbreaker --> b176 c22 s8
Klik Cafe --> b160 c20 s8
Shujinko Ramen --> b216 c27 s8
No 1 Delicious --> b160 c20 s5
Mixity Restaurant and Cafe --> b304 c38 s8
Flovie Florist Cafe --> b216 c27 s8
Bonnie & Duke Cafe --> b256 c32 s8
Belgian Beer Cafe Melbourne --> b344 c43 s9
Caffe Bambino Docklands --> b344 c43 s8
