Domino's Pizza --> 1
Arbory Bar and Eatery --> 1
Natural History Bar & Grill --> 1
Robot Sushi & Bar --> 1
Doughboys Doughnuts --> 1
Hana's Kitchen --> 1
Claypots Barbarossa --> 1
Peddler Tuck Shop CBD --> 1
Mankeumi --> 1
Cupanda Kitchen --> 1
Roberts Italian Restaurant --> 1
Geppetto Trattoria --> 1
Waterfront (Southgate) --> 1
Ponyfish Island --> 1
Cafenatics Forte --> 1
Kantina Kartel --> 1
Cafe Felice --> 1
Nando's Bourke Street --> 2
Dumpling Kingdom --> 1
Red Pepper Indian Restaurant --> 1
The League Of Honest Coffee --> 1
Troika Bar --> 1
Shuxiang Hot Pot --> 1
The Basement Cafe --> 1
Trotters Bistro --> 1
Tank Fish And Chippery --> 1
Avist Cafe --> 1
Bombini Buzz --> 1
Harbour Cafe --> 1
Dohtonbori --> 1
Stand Up Cafe --> 1
Pho Nom --> 1
Krispy Kreme --> 1
Macchiato On Collins --> 1
Code Black --> 1
Barbarella Gelato & Wine --> 1
The European --> 1
Miznon --> 1
Dragon Hot Pot --> 1
Pretty Boy Italian Steak House --> 1
Soul Origin --> 1
Nikko Sushi Noodle --> 1
Ormond Collective --> 1
Damon Bradley Southgate --> 1
Locale Coffee --> 1
Cafe Baci's --> 1
Broad Bean Organic Grocer --> 1
90 Secondi --> 1
365 Foodstore Docklands --> 1
Neo Lemonade --> 1
Igloo Cafe & St Moritz Bar --> 1
The Journal Canteen --> 1
Tako Sushi Japanses Cafe --> 1
Verandah Cafe --> 1
The King Hotel --> 1
Simpsons Chips & Burgers --> 1
Palermo --> 1
Princess Theatre --> 1
LYNS KITCHEN PTY LTD --> 1
Darac Grill & Bar --> 1
El Rincon --> 2
Pork Belly House Melbourne --> 1
Il Dolce Freddo --> 1
KL Bunga Raya --> 1
The Secret Recipe --> 1
Sir Osborn --> 1
Victoria's Secret Bar & Cafe --> 1
Beddgood & Co --> 1
Spanish Doughnuts --> 1
Hawkers Corner And Krabbys Crab Boil --> 1
La Belle Miette --> 1
Little Bean Blue --> 1
Larder Section --> 1
Anda Cafe --> 1
Kenny's Bakery Cafe --> 1
Nando's Melbourne Central --> 1
Gemma Simple Italian --> 1
St. Charly --> 1
Carlton Yacht Club Bar --> 1
Professor Walk Cafe --> 1
Court House Hotel --> 1
Pokapoka Japanese Restaurant --> 1
McDonald's --> 1
Spicy kitchen docklands --> 1
The Other Brother --> 1
Subway --> 1
Cafe Andiamo --> 1
Da Guido 365 --> 1
The Commercial Bakery --> 1
Heartbreaker --> 1
Klik Cafe --> 1
Shujinko Ramen --> 1
No 1 Delicious --> 1
Mixity Restaurant and Cafe --> 1
Flovie Florist Cafe --> 1
Bonnie & Duke Cafe --> 1
Belgian Beer Cafe Melbourne --> 1
Caffe Bambino Docklands --> 1
